 db Pulling 
 509688edf37b Pulling fs layer 
 25b77f59fd95 Pulling fs layer 
 210b280f9556 Pulling fs layer 
 81717818649a Pulling fs layer 
 3ae6141cfd99 Pulling fs layer 
 d8d21be4bf02 Pulling fs layer 
 6117bd39f23f Pulling fs layer 
 a88782f92806 Pulling fs layer 
 1b7f9cd581ee Pulling fs layer 
 6c25da34e03f Pulling fs layer 
 3ae6141cfd99 Download complete 
 6c25da34e03f Download complete 
 1b7f9cd581ee Download complete 
 a88782f92806 Download complete 
 1b7f9cd581ee Pull complete 
 d8d21be4bf02 Download complete 
 6117bd39f23f Download complete 
 509688edf37b Download complete 
 81717818649a Download complete 
 25b77f59fd95 Downloading [>                                                  ]  1.049MB/111.3MB
 25b77f59fd95 Downloading [>                                                  ]  2.097MB/111.3MB
 210b280f9556 Download complete 
 210b280f9556 Pull complete 
 25b77f59fd95 Downloading [=>                                                 ]  3.146MB/111.3MB
 81717818649a Pull complete 
 25b77f59fd95 Downloading [=>                                                 ]  4.194MB/111.3MB
 3ae6141cfd99 Pull complete 
 25b77f59fd95 Downloading [==>                                                ]  5.243MB/111.3MB
 25b77f59fd95 Downloading [==>                                                ]  5.243MB/111.3MB
 25b77f59fd95 Downloading [==>                                                ]  6.291MB/111.3MB
 25b77f59fd95 Downloading [===>                                               ]   7.34MB/111.3MB
 25b77f59fd95 Downloading [====>                                              ]  9.437MB/111.3MB
 25b77f59fd95 Downloading [====>                                              ]  9.437MB/111.3MB
 25b77f59fd95 Downloading [=====>                                             ]  11.53MB/111.3MB
 25b77f59fd95 Downloading [=====>                                             ]  11.53MB/111.3MB
 25b77f59fd95 Downloading [=====>                                             ]  12.58MB/111.3MB
 25b77f59fd95 Downloading [======>                                            ]  13.63MB/111.3MB
 25b77f59fd95 Downloading [======>                                            ]  14.68MB/111.3MB
 25b77f59fd95 Downloading [=======>                                           ]  15.73MB/111.3MB
 25b77f59fd95 Downloading [=======>                                           ]  16.78MB/111.3MB
 25b77f59fd95 Downloading [========>                                          ]  17.83MB/111.3MB
 25b77f59fd95 Downloading [========>                                          ]  18.87MB/111.3MB
 25b77f59fd95 Downloading [========>                                          ]  18.87MB/111.3MB
 25b77f59fd95 Downloading [========>                                          ]  19.92MB/111.3MB
 25b77f59fd95 Downloading [=========>                                         ]  20.97MB/111.3MB
 25b77f59fd95 Downloading [=========>                                         ]  22.02MB/111.3MB
 25b77f59fd95 Downloading [==========>                                        ]  23.07MB/111.3MB
 25b77f59fd95 Downloading [==========>                                        ]  24.12MB/111.3MB
 25b77f59fd95 Downloading [===========>                                       ]  25.17MB/111.3MB
 25b77f59fd95 Downloading [===========>                                       ]  26.21MB/111.3MB
 25b77f59fd95 Downloading [============>                                      ]  27.26MB/111.3MB
 25b77f59fd95 Downloading [============>                                      ]  28.31MB/111.3MB
 25b77f59fd95 Downloading [=============>                                     ]  29.36MB/111.3MB
 25b77f59fd95 Downloading [=============>                                     ]  30.41MB/111.3MB
 25b77f59fd95 Downloading [==============>                                    ]  31.46MB/111.3MB
 25b77f59fd95 Downloading [===============>                                   ]  33.55MB/111.3MB
 25b77f59fd95 Downloading [===============>                                   ]   34.6MB/111.3MB
 25b77f59fd95 Downloading [================>                                  ]  35.65MB/111.3MB
 25b77f59fd95 Downloading [================>                                  ]   36.7MB/111.3MB
 25b77f59fd95 Downloading [================>                                  ]  37.75MB/111.3MB
 25b77f59fd95 Downloading [=================>                                 ]   38.8MB/111.3MB
 25b77f59fd95 Downloading [=================>                                 ]  39.85MB/111.3MB
 25b77f59fd95 Downloading [==================>                                ]  40.89MB/111.3MB
 25b77f59fd95 Downloading [==================>                                ]  41.94MB/111.3MB
 25b77f59fd95 Downloading [===================>                               ]  42.99MB/111.3MB
 25b77f59fd95 Downloading [===================>                               ]  44.04MB/111.3MB
 25b77f59fd95 Downloading [====================>                              ]  45.09MB/111.3MB
 25b77f59fd95 Downloading [====================>                              ]  46.14MB/111.3MB
 25b77f59fd95 Downloading [=====================>                             ]  48.23MB/111.3MB
 25b77f59fd95 Downloading [======================>                            ]  49.28MB/111.3MB
 25b77f59fd95 Downloading [======================>                            ]  50.33MB/111.3MB
 25b77f59fd95 Downloading [=======================>                           ]  51.38MB/111.3MB
 25b77f59fd95 Downloading [=======================>                           ]  52.43MB/111.3MB
 25b77f59fd95 Downloading [========================>                          ]  53.48MB/111.3MB
 25b77f59fd95 Downloading [========================>                          ]  54.53MB/111.3MB
 25b77f59fd95 Downloading [========================>                          ]  55.57MB/111.3MB
 25b77f59fd95 Downloading [=========================>                         ]  56.62MB/111.3MB
 25b77f59fd95 Downloading [=========================>                         ]  57.67MB/111.3MB
 25b77f59fd95 Downloading [==========================>                        ]  58.72MB/111.3MB
 25b77f59fd95 Downloading [===========================>                       ]  60.82MB/111.3MB
 25b77f59fd95 Downloading [===========================>                       ]  61.87MB/111.3MB
 25b77f59fd95 Downloading [============================>                      ]  62.91MB/111.3MB
 25b77f59fd95 Downloading [============================>                      ]  63.96MB/111.3MB
 25b77f59fd95 Downloading [=============================>                     ]  65.01MB/111.3MB
 25b77f59fd95 Downloading [=============================>                     ]  66.06MB/111.3MB
 25b77f59fd95 Downloading [=============================>                     ]  66.06MB/111.3MB
 25b77f59fd95 Downloading [==============================>                    ]  67.11MB/111.3MB
 25b77f59fd95 Downloading [==============================>                    ]  68.16MB/111.3MB
 25b77f59fd95 Downloading [===============================>                   ]  70.25MB/111.3MB
 25b77f59fd95 Downloading [================================>                  ]   71.3MB/111.3MB
 25b77f59fd95 Downloading [================================>                  ]  72.35MB/111.3MB
 25b77f59fd95 Downloading [================================>                  ]   73.4MB/111.3MB
 25b77f59fd95 Downloading [=================================>                 ]  74.45MB/111.3MB
 25b77f59fd95 Downloading [=================================>                 ]   75.5MB/111.3MB
 25b77f59fd95 Downloading [==================================>                ]  76.55MB/111.3MB
 25b77f59fd95 Downloading [==================================>                ]  77.59MB/111.3MB
 25b77f59fd95 Downloading [===================================>               ]  78.64MB/111.3MB
 25b77f59fd95 Downloading [===================================>               ]  79.69MB/111.3MB
 25b77f59fd95 Downloading [====================================>              ]  80.74MB/111.3MB
 25b77f59fd95 Downloading [====================================>              ]  81.79MB/111.3MB
 25b77f59fd95 Downloading [=====================================>             ]  82.84MB/111.3MB
 25b77f59fd95 Downloading [=====================================>             ]  82.84MB/111.3MB
 25b77f59fd95 Downloading [======================================>            ]  84.93MB/111.3MB
 25b77f59fd95 Downloading [======================================>            ]  84.93MB/111.3MB
 25b77f59fd95 Downloading [======================================>            ]  85.98MB/111.3MB
 25b77f59fd95 Downloading [======================================>            ]  85.98MB/111.3MB
 25b77f59fd95 Downloading [=======================================>           ]  87.03MB/111.3MB
 25b77f59fd95 Downloading [=======================================>           ]  87.03MB/111.3MB
 25b77f59fd95 Downloading [=======================================>           ]  88.08MB/111.3MB
 25b77f59fd95 Downloading [========================================>          ]  89.13MB/111.3MB
 25b77f59fd95 Downloading [========================================>          ]  90.18MB/111.3MB
 25b77f59fd95 Downloading [========================================>          ]  91.23MB/111.3MB
 25b77f59fd95 Downloading [=========================================>         ]  92.27MB/111.3MB
 25b77f59fd95 Downloading [=========================================>         ]  93.32MB/111.3MB
 25b77f59fd95 Downloading [==========================================>        ]  94.37MB/111.3MB
 25b77f59fd95 Downloading [==========================================>        ]  95.42MB/111.3MB
 25b77f59fd95 Downloading [===========================================>       ]  96.47MB/111.3MB
 25b77f59fd95 Downloading [===========================================>       ]  97.52MB/111.3MB
 25b77f59fd95 Downloading [============================================>      ]  99.61MB/111.3MB
 25b77f59fd95 Downloading [=============================================>     ]  100.7MB/111.3MB
 25b77f59fd95 Downloading [=============================================>     ]  100.7MB/111.3MB
 25b77f59fd95 Downloading [=============================================>     ]  101.7MB/111.3MB
 25b77f59fd95 Downloading [==============================================>    ]  102.8MB/111.3MB
 25b77f59fd95 Downloading [==============================================>    ]  103.8MB/111.3MB
 25b77f59fd95 Downloading [==============================================>    ]  103.8MB/111.3MB
 25b77f59fd95 Downloading [===============================================>   ]  104.9MB/111.3MB
 25b77f59fd95 Downloading [===============================================>   ]  105.9MB/111.3MB
 25b77f59fd95 Downloading [================================================>  ]    107MB/111.3MB
 25b77f59fd95 Downloading [================================================>  ]    108MB/111.3MB
 25b77f59fd95 Downloading [================================================>  ]  109.1MB/111.3MB
 25b77f59fd95 Downloading [=================================================> ]  110.1MB/111.3MB
 25b77f59fd95 Downloading [==================================================>]  111.3MB/111.3MB
 25b77f59fd95 Downloading [==================================================>]  111.3MB/111.3MB
 25b77f59fd95 Downloading [==================================================>]  111.3MB/111.3MB
 25b77f59fd95 Downloading [==================================================>]  111.3MB/111.3MB
 25b77f59fd95 Downloading [==================================================>]  111.3MB/111.3MB
 25b77f59fd95 Download complete 
 25b77f59fd95 Extracting 1 s
 25b77f59fd95 Extracting 1 s
 25b77f59fd95 Extracting 1 s
 25b77f59fd95 Extracting 1 s
 25b77f59fd95 Extracting 1 s
 25b77f59fd95 Extracting 1 s
 25b77f59fd95 Extracting 1 s
 25b77f59fd95 Extracting 1 s
 25b77f59fd95 Extracting 1 s
 25b77f59fd95 Extracting 1 s
 25b77f59fd95 Extracting 2 s
 25b77f59fd95 Extracting 2 s
 25b77f59fd95 Extracting 2 s
 25b77f59fd95 Extracting 2 s
 25b77f59fd95 Extracting 2 s
 25b77f59fd95 Extracting 2 s
 25b77f59fd95 Extracting 2 s
 25b77f59fd95 Extracting 2 s
 25b77f59fd95 Extracting 2 s
 25b77f59fd95 Extracting 2 s
 25b77f59fd95 Extracting 2 s
 25b77f59fd95 Extracting 3 s
 25b77f59fd95 Extracting 3 s
 25b77f59fd95 Extracting 3 s
 25b77f59fd95 Extracting 3 s
 25b77f59fd95 Extracting 3 s
 25b77f59fd95 Extracting 3 s
 25b77f59fd95 Extracting 3 s
 6c25da34e03f Pull complete 
 25b77f59fd95 Pull complete 
 a88782f92806 Pull complete 
 d8d21be4bf02 Pull complete 
 6117bd39f23f Pull complete 
 509688edf37b Pull complete 
 db Pulled 
#1 [internal] load local bake definitions
#1 reading from stdin 1.84kB 0.1s done
#1 DONE 0.1s

#2 [nginx internal] load build definition from Dockerfile
#2 transferring dockerfile: 1.12kB 0.0s done
#2 DONE 0.0s

#3 [backend internal] load build definition from Dockerfile
#3 transferring dockerfile: 1.08kB done
#3 DONE 0.1s

#4 [frontend internal] load build definition from Dockerfile
#4 transferring dockerfile: 750B done
#4 DONE 0.1s

#5 [frontend] resolve image config for docker-image://docker.io/docker/dockerfile:1
#5 DONE 0.6s

#6 [backend] docker-image://docker.io/docker/dockerfile:1@sha256:4edf897a3ffa55b89f906fc8cc78afdb3f1834cc9c7083565e611a8a7d5fe99e
#6 resolve docker.io/docker/dockerfile:1@sha256:4edf897a3ffa55b89f906fc8cc78afdb3f1834cc9c7083565e611a8a7d5fe99e 0.0s done
#6 CACHED

#7 [frontend internal] load metadata for docker.io/library/nginx:1.28-alpine
#7 ...

#8 [nginx internal] load metadata for docker.io/library/alpine:3.22
#8 DONE 0.5s

#9 [backend internal] load metadata for docker.io/library/golang:1.25-alpine
#9 DONE 1.0s

#10 [frontend internal] load metadata for docker.io/library/node:22-alpine
#10 DONE 1.0s

#11 [backend internal] load .dockerignore
#11 transferring context: 92B done
#11 DONE 0.1s

#7 [nginx internal] load metadata for docker.io/library/nginx:1.28-alpine
#7 ...

#12 [backend internal] load build context
#12 transferring context: 16.88kB 0.0s done
#12 DONE 0.1s

#13 [backend runtime 1/5] FROM docker.io/library/alpine:3.22@sha256:5291449c3df73caf6ed85e649dec1b9e818b39a5d8c871e97afc13e9cd5e8fa8
#13 resolve docker.io/library/alpine:3.22@sha256:5291449c3df73caf6ed85e649dec1b9e818b39a5d8c871e97afc13e9cd5e8fa8 0.1s done
#13 CACHED

#14 [backend builder 1/6] FROM docker.io/library/golang:1.25-alpine@sha256:1ae0735f00daffa3aaf1363a5184c0d2dc55c78e3db4ec70241cdac97bf84b59
#14 resolve docker.io/library/golang:1.25-alpine@sha256:1ae0735f00daffa3aaf1363a5184c0d2dc55c78e3db4ec70241cdac97bf84b59 0.1s done
#14 DONE 0.3s

#15 [backend runtime 2/5] RUN adduser -D -H -u 10001 app
#15 DONE 0.4s

#16 [backend builder 2/6] WORKDIR /src
#16 DONE 0.1s

#17 [backend builder 3/6] COPY go.mod go.sum ./
#17 DONE 0.1s

#18 [backend runtime 3/5] WORKDIR /app
#18 DONE 0.1s

#19 [backend builder 4/6] RUN --mount=type=cache,target=/go/pkg/mod go mod download
#19 ...

#13 [nginx runtime 1/5] FROM docker.io/library/alpine:3.22@sha256:5291449c3df73caf6ed85e649dec1b9e818b39a5d8c871e97afc13e9cd5e8fa8
#13 resolve docker.io/library/alpine:3.22@sha256:5291449c3df73caf6ed85e649dec1b9e818b39a5d8c871e97afc13e9cd5e8fa8 0.1s done
#13 CACHED

#7 [frontend internal] load metadata for docker.io/library/nginx:1.28-alpine
#7 DONE 3.1s

#20 [nginx internal] load .dockerignore
#20 transferring context: 56B done
#20 DONE 0.0s

#21 [frontend internal] load .dockerignore
#21 transferring context: 86B done
#21 DONE 0.1s

#22 [nginx internal] load build context
#22 transferring context: 1.76kB done
#22 DONE 0.0s

#23 [nginx openssl-builder 3/4] COPY --chmod=755 generate-cert.sh /work/generate-cert.sh
#23 CACHED

#24 [nginx openssl-builder 2/4] RUN apk add --no-cache openssl
#24 CACHED

#25 [nginx openssl-builder 4/4] WORKDIR /work
#25 CACHED

#26 [nginx runtime 1/5] FROM docker.io/library/nginx:1.28-alpine@sha256:a8b39bd9cf0f83869a2162827a0caf6137ddf759d50a171451b335cecc87d236
#26 resolve docker.io/library/nginx:1.28-alpine@sha256:a8b39bd9cf0f83869a2162827a0caf6137ddf759d50a171451b335cecc87d236 0.1s done
#26 ...

#27 [frontend internal] load build context
#27 transferring context: 44.51kB 0.0s done
#27 DONE 0.2s

#28 [frontend builder 1/6] FROM docker.io/library/node:22-alpine@sha256:0a7108bf6c7bf5de370ffb1a3ed6be93d405b43ff159f681a8d18c0e2bc2e402
#28 resolve docker.io/library/node:22-alpine@sha256:0a7108bf6c7bf5de370ffb1a3ed6be93d405b43ff159f681a8d18c0e2bc2e402 0.1s done
#28 DONE 0.3s

#29 [nginx cert-builder 1/1] RUN --mount=type=secret,id=cert_key,required=true     --mount=type=secret,id=cert_crt,required=true     mkdir -p /certs && cp /run/secrets/cert_key /certs/server.key     && openssl x509 -in /run/secrets/cert_crt -out /certs/server.crt     && chmod 600 /certs/server.key
#29 DONE 0.4s

#30 [frontend builder 2/6] WORKDIR /src
#30 DONE 0.1s

#19 [backend builder 4/6] RUN --mount=type=cache,target=/go/pkg/mod go mod download
#19 ...

#31 [frontend builder 3/6] COPY package*.json ./
#31 DONE 0.1s

#26 [nginx runtime 1/5] FROM docker.io/library/nginx:1.28-alpine@sha256:a8b39bd9cf0f83869a2162827a0caf6137ddf759d50a171451b335cecc87d236
#26 sha256:0151c82f84a9c78800cb330f93f88d6ffe39f030ec9a60dbc0a12c4c7109536c 0B / 20.25MB 0.3s
#26 sha256:98104829f3fe8d2ead9a69b1f56c1f98955fd2b5933f089301331bb1f349683b 0B / 1.40kB 0.2s
#26 sha256:8f7c784e247120771f7bdb83b2ab8e17af75af4858332b63e0ed40610f5a9b59 0B / 405B 0.2s
#26 sha256:44fa0a5a779fdf3b85972e8dfb3b2755a72a97290b682794f57212d88fa3a631 0B / 1.21kB 0.2s
#26 sha256:98104829f3fe8d2ead9a69b1f56c1f98955fd2b5933f089301331bb1f349683b 1.40kB / 1.40kB 0.6s done
#26 sha256:0151c82f84a9c78800cb330f93f88d6ffe39f030ec9a60dbc0a12c4c7109536c 2.10MB / 20.25MB 0.8s
#26 sha256:98104829f3fe8d2ead9a69b1f56c1f98955fd2b5933f089301331bb1f349683b 1.40kB / 1.40kB 0.6s done
#26 sha256:8f7c784e247120771f7bdb83b2ab8e17af75af4858332b63e0ed40610f5a9b59 405B / 405B 0.6s done
#26 sha256:d631a49fb4f72e5bc609d0af4ce6d3ed054498068dc16c730be6b4e37c4a7f6c 0B / 956B 0.2s
#26 sha256:d631a49fb4f72e5bc609d0af4ce6d3ed054498068dc16c730be6b4e37c4a7f6c 956B / 956B 0.2s done
#26 sha256:e914c6e98e37815624beb8c5043be292f121898059d4d50c0709bc4da661f685 0B / 626B 0.2s
#26 sha256:0151c82f84a9c78800cb330f93f88d6ffe39f030ec9a60dbc0a12c4c7109536c 3.15MB / 20.25MB 0.9s
#26 sha256:44fa0a5a779fdf3b85972e8dfb3b2755a72a97290b682794f57212d88fa3a631 1.21kB / 1.21kB 0.9s done
#26 sha256:d631a49fb4f72e5bc609d0af4ce6d3ed054498068dc16c730be6b4e37c4a7f6c 956B / 956B 0.2s done
#26 sha256:44fa0a5a779fdf3b85972e8dfb3b2755a72a97290b682794f57212d88fa3a631 1.21kB / 1.21kB 0.9s done
#26 sha256:e914c6e98e37815624beb8c5043be292f121898059d4d50c0709bc4da661f685 626B / 626B 0.3s done
#26 sha256:1d9cbdb003be4f77dc59400a5eb400afcac245934b539c7bffe52abae7720f3c 0B / 1.83MB 0.3s
#26 sha256:0151c82f84a9c78800cb330f93f88d6ffe39f030ec9a60dbc0a12c4c7109536c 4.19MB / 20.25MB 1.2s
#26 sha256:0151c82f84a9c78800cb330f93f88d6ffe39f030ec9a60dbc0a12c4c7109536c 5.24MB / 20.25MB 1.4s
#26 sha256:0151c82f84a9c78800cb330f93f88d6ffe39f030ec9a60dbc0a12c4c7109536c 6.29MB / 20.25MB 1.5s
#26 sha256:0151c82f84a9c78800cb330f93f88d6ffe39f030ec9a60dbc0a12c4c7109536c 7.34MB / 20.25MB 1.7s
#26 sha256:0151c82f84a9c78800cb330f93f88d6ffe39f030ec9a60dbc0a12c4c7109536c 8.39MB / 20.25MB 1.8s
#26 sha256:0151c82f84a9c78800cb330f93f88d6ffe39f030ec9a60dbc0a12c4c7109536c 9.44MB / 20.25MB 2.0s
#26 sha256:0151c82f84a9c78800cb330f93f88d6ffe39f030ec9a60dbc0a12c4c7109536c 10.49MB / 20.25MB 2.1s
#26 sha256:0151c82f84a9c78800cb330f93f88d6ffe39f030ec9a60dbc0a12c4c7109536c 11.53MB / 20.25MB 2.3s
#26 sha256:0151c82f84a9c78800cb330f93f88d6ffe39f030ec9a60dbc0a12c4c7109536c 12.58MB / 20.25MB 2.7s
#26 sha256:0151c82f84a9c78800cb330f93f88d6ffe39f030ec9a60dbc0a12c4c7109536c 13.63MB / 20.25MB 2.9s
#26 sha256:1d9cbdb003be4f77dc59400a5eb400afcac245934b539c7bffe52abae7720f3c 1.05MB / 1.83MB 2.1s
#26 sha256:0151c82f84a9c78800cb330f93f88d6ffe39f030ec9a60dbc0a12c4c7109536c 14.68MB / 20.25MB 3.2s
#26 sha256:0151c82f84a9c78800cb330f93f88d6ffe39f030ec9a60dbc0a12c4c7109536c 15.73MB / 20.25MB 3.5s
#26 sha256:1d9cbdb003be4f77dc59400a5eb400afcac245934b539c7bffe52abae7720f3c 1.83MB / 1.83MB 2.6s done
#26 extracting sha256:1d9cbdb003be4f77dc59400a5eb400afcac245934b539c7bffe52abae7720f3c
#26 sha256:0151c82f84a9c78800cb330f93f88d6ffe39f030ec9a60dbc0a12c4c7109536c 16.78MB / 20.25MB 3.8s
#26 extracting sha256:1d9cbdb003be4f77dc59400a5eb400afcac245934b539c7bffe52abae7720f3c 0.4s done
#26 extracting sha256:e914c6e98e37815624beb8c5043be292f121898059d4d50c0709bc4da661f685 0.1s done
#26 sha256:0151c82f84a9c78800cb330f93f88d6ffe39f030ec9a60dbc0a12c4c7109536c 17.83MB / 20.25MB 4.1s
#26 extracting sha256:e914c6e98e37815624beb8c5043be292f121898059d4d50c0709bc4da661f685 0.1s done
#26 extracting sha256:d631a49fb4f72e5bc609d0af4ce6d3ed054498068dc16c730be6b4e37c4a7f6c 0.1s done
#26 extracting sha256:8f7c784e247120771f7bdb83b2ab8e17af75af4858332b63e0ed40610f5a9b59 0.1s done
#26 sha256:0151c82f84a9c78800cb330f93f88d6ffe39f030ec9a60dbc0a12c4c7109536c 20.25MB / 20.25MB 4.2s
#26 extracting sha256:8f7c784e247120771f7bdb83b2ab8e17af75af4858332b63e0ed40610f5a9b59 0.1s done
#26 extracting sha256:44fa0a5a779fdf3b85972e8dfb3b2755a72a97290b682794f57212d88fa3a631 0.2s done
#26 sha256:0151c82f84a9c78800cb330f93f88d6ffe39f030ec9a60dbc0a12c4c7109536c 20.25MB / 20.25MB 4.3s done
#26 extracting sha256:44fa0a5a779fdf3b85972e8dfb3b2755a72a97290b682794f57212d88fa3a631 0.2s done
#26 extracting sha256:98104829f3fe8d2ead9a69b1f56c1f98955fd2b5933f089301331bb1f349683b
#26 extracting sha256:98104829f3fe8d2ead9a69b1f56c1f98955fd2b5933f089301331bb1f349683b 0.4s done
#26 ...

#32 [frontend builder 4/6] RUN --mount=type=cache,target=/root/.npm npm ci
#32 4.066 
#32 4.066 added 15 packages, and audited 16 packages in 4s
#32 4.066 
#32 4.066 5 packages are looking for funding
#32 4.066   run `npm fund` for details
#32 4.066 
#32 4.066 found 0 vulnerabilities
#32 4.070 npm notice
#32 4.070 npm notice New major version of npm available! 10.9.9 -> 12.2.0
#32 4.070 npm notice Changelog: https://github.com/npm/cli/releases/tag/v12.2.0
#32 4.070 npm notice To update run: npm install -g npm@12.2.0
#32 4.070 npm notice
#32 DONE 4.7s

#26 [nginx runtime 1/5] FROM docker.io/library/nginx:1.28-alpine@sha256:a8b39bd9cf0f83869a2162827a0caf6137ddf759d50a171451b335cecc87d236
#26 extracting sha256:98104829f3fe8d2ead9a69b1f56c1f98955fd2b5933f089301331bb1f349683b 0.4s done
#26 extracting sha256:0151c82f84a9c78800cb330f93f88d6ffe39f030ec9a60dbc0a12c4c7109536c
#26 ...

#19 [backend builder 4/6] RUN --mount=type=cache,target=/go/pkg/mod go mod download
#19 DONE 5.7s

#33 [frontend builder 5/6] COPY . .
#33 DONE 0.1s

#34 [backend builder 5/6] COPY . .
#34 DONE 0.1s

#35 [backend builder 6/6] RUN --mount=type=cache,target=/go/pkg/mod --mount=type=cache,target=/root/.cache/go-build     CGO_ENABLED=0 GOOS=linux go build -trimpath -ldflags="-s -w" -o /out/notes .
#35 ...

#26 [frontend runtime 1/5] FROM docker.io/library/nginx:1.28-alpine@sha256:a8b39bd9cf0f83869a2162827a0caf6137ddf759d50a171451b335cecc87d236
#26 extracting sha256:0151c82f84a9c78800cb330f93f88d6ffe39f030ec9a60dbc0a12c4c7109536c 1.0s done
#26 DONE 6.3s

#36 [frontend runtime 2/5] RUN rm /etc/nginx/conf.d/default.conf
#36 DONE 0.9s

#37 [frontend runtime 3/4] COPY nginx.conf /etc/nginx/nginx.conf
#37 ...

#38 [nginx runtime 3/5] COPY nginx.conf /etc/nginx/nginx.conf
#38 DONE 0.2s

#37 [frontend runtime 3/4] COPY nginx.conf /etc/nginx/nginx.conf
#37 DONE 0.2s

#39 [nginx runtime 4/5] COPY conf.d/default.conf /etc/nginx/conf.d/default.conf
#39 DONE 0.1s

#40 [nginx runtime 5/5] COPY --from=cert-builder --chown=nginx:nginx /certs/ /etc/nginx/ssl/
#40 ...

#41 [frontend builder 6/6] RUN --mount=type=secret,id=release     if [ -f /run/secrets/release ]; then export VITE_RELEASE="$(cat /run/secrets/release)"; fi; npm run build
#41 0.957 
#41 0.957 > notes-web@1.0.0 build
#41 0.957 > vite build
#41 0.957 
#41 1.682 vite v6.4.3 building for production...
#41 1.924 transforming...
#41 1.991 ✓ 4 modules transformed.
#41 2.044 rendering chunks...
#41 2.068 computing gzip size...
#41 2.078 dist/index.html                 1.81 kB │ gzip: 0.97 kB
#41 2.078 dist/assets/index-BnB0BUtx.css  2.75 kB │ gzip: 1.13 kB
#41 2.078 dist/assets/index-BA9riUY-.js   2.84 kB │ gzip: 1.39 kB
#41 2.078 ✓ built in 291ms
#41 2.113 npm notice
#41 2.113 npm notice New major version of npm available! 10.9.9 -> 12.2.0
#41 2.113 npm notice Changelog: https://github.com/npm/cli/releases/tag/v12.2.0
#41 2.113 npm notice To update run: npm install -g npm@12.2.0
#41 2.113 npm notice
#41 DONE 2.2s

#40 [nginx runtime 5/5] COPY --from=cert-builder --chown=nginx:nginx /certs/ /etc/nginx/ssl/
#40 DONE 0.3s

#42 [nginx] exporting to image
#42 ...

#43 [frontend runtime 4/4] COPY --from=builder /src/dist /usr/share/nginx/html
#43 DONE 0.2s

#42 [nginx] exporting to image
#42 exporting layers
#42 exporting layers 0.6s done
#42 exporting manifest sha256:c762787bb85cdd34967d9d8f05554ba347bad0a7f80f279254079d3c93e3935f 0.0s done
#42 exporting config sha256:f0cacd4a5b301e398d9901e7055bb25a6db601d9e0f946065a2640121f0a4b06 0.0s done
#42 exporting attestation manifest sha256:bcc74dddeef6581b23f24d88ec74fcff1a7f15337d0c596161a1a6584d561789
#42 exporting attestation manifest sha256:bcc74dddeef6581b23f24d88ec74fcff1a7f15337d0c596161a1a6584d561789 0.1s done
#42 exporting manifest list sha256:716879a2ec34a65f00df174605ba23311d8c9907e85233096f57bcee89b84789 0.0s done
#42 naming to docker.io/library/devops-lab02-nginx:latest done
#42 unpacking to docker.io/library/devops-lab02-nginx:latest
#42 unpacking to docker.io/library/devops-lab02-nginx:latest 0.2s done
#42 DONE 1.1s

#44 [frontend] exporting to image
#44 exporting layers 0.6s done
#44 exporting manifest sha256:b0903512e434aef94efb4b45487172fd76d2f27ba5dcb1fc5517bc4f3f8d677a 0.0s done
#44 exporting config sha256:8cc51632697e01e5d8e6d281ed8e9e67a4b8f8ff1fd52c57250d011cf3722756 0.0s done
#44 exporting attestation manifest sha256:9bd7ff95ee3fd337b28407dd1b180e70e6920d86a27fe5758d168dd21451264f 0.1s done
#44 exporting manifest list sha256:0631b54aaf968507d55fb8c447617555c88016b5d3d34949d8f4e75a76470209 0.0s done
#44 naming to docker.io/library/devops-lab02-frontend:latest done
#44 unpacking to docker.io/library/devops-lab02-frontend:latest 0.1s done
#44 DONE 1.0s

#35 [backend builder 6/6] RUN --mount=type=cache,target=/go/pkg/mod --mount=type=cache,target=/root/.cache/go-build     CGO_ENABLED=0 GOOS=linux go build -trimpath -ldflags="-s -w" -o /out/notes .
#35 ...

#45 [nginx] resolving provenance for metadata file
#45 DONE 0.2s

#46 [frontend] resolving provenance for metadata file
#46 DONE 0.2s

#35 [backend builder 6/6] RUN --mount=type=cache,target=/go/pkg/mod --mount=type=cache,target=/root/.cache/go-build     CGO_ENABLED=0 GOOS=linux go build -trimpath -ldflags="-s -w" -o /out/notes .
#35 DONE 23.3s

#47 [backend runtime 4/5] COPY --from=builder /out/notes /app/notes
#47 DONE 0.3s

#48 [backend runtime 5/5] COPY --chmod=755 healthcheck.sh /app/healthcheck.sh
#48 DONE 0.3s

#49 [backend] exporting to image
#49 exporting layers
#49 exporting layers 1.2s done
#49 exporting manifest sha256:4bd7e0ecd3d63949f66513bcfdfe071688cba9b7cc54fdaf1cac6ee5cd371e50 0.0s done
#49 exporting config sha256:5a813f44d3127947e6750354ce3ce6436b0a28f9de1bcf6dd9a4dc5e855147ab 0.0s done
#49 exporting attestation manifest sha256:9d4d1a64fc52c50d8ebe21f6e1dd8cb794f0e4d605bef4ad87bee75866a88222 0.1s done
#49 exporting manifest list sha256:c6b8fdd3262522ae58516cd8c893eb3143fd8d7b7101a8037154270534e59dda
#49 exporting manifest list sha256:c6b8fdd3262522ae58516cd8c893eb3143fd8d7b7101a8037154270534e59dda 0.1s done
#49 naming to docker.io/library/devops-lab02-backend:latest done
#49 unpacking to docker.io/library/devops-lab02-backend:latest
#49 unpacking to docker.io/library/devops-lab02-backend:latest 0.3s done
#49 DONE 1.9s

#50 [backend] resolving provenance for metadata file
#50 DONE 0.0s
 devops-lab02-frontend  Built
 devops-lab02-nginx  Built
 devops-lab02-backend  Built
 Network devops-lab02_default  Creating
 Network devops-lab02_default  Created
 Volume devops-lab02_db_data  Creating
 Volume devops-lab02_db_data  Created
 Container devops-lab02-db-1  Creating
 Container devops-lab02-frontend-1  Creating
 Container devops-lab02-frontend-1  Created
 Container devops-lab02-db-1  Created
 Container devops-lab02-backend-1  Creating
 Container devops-lab02-backend-1  Created
 Container devops-lab02-nginx-1  Creating
 Container devops-lab02-nginx-1  Created
 Container devops-lab02-frontend-1  Starting
 Container devops-lab02-db-1  Starting
 Container devops-lab02-db-1  Started
 Container devops-lab02-db-1  Waiting
 Container devops-lab02-frontend-1  Started
 Container devops-lab02-db-1  Healthy
 Container devops-lab02-backend-1  Starting
 Container devops-lab02-backend-1  Started
 Container devops-lab02-backend-1  Waiting
 Container devops-lab02-frontend-1  Waiting
 Container devops-lab02-frontend-1  Healthy
 Container devops-lab02-backend-1  Healthy
 Container devops-lab02-nginx-1  Starting
Error response from daemon: failed to set up container networking: driver failed programming external connectivity on endpoint devops-lab02-nginx-1 (46f770ba84466fb1d0448d1584a049683d80425ffb8e2bbbd8f04a106b154048): Bind for 127.0.0.1:8080 failed: port is already allocated
