#0 building with "desktop-linux" instance using docker driver

#1 [internal] load build definition from Dockerfile.bad
#1 transferring dockerfile:
#1 transferring dockerfile: 274B 0.0s done
#1 DONE 0.4s

#2 [internal] load metadata for docker.io/library/golang:1.25
#2 DONE 1.4s

#3 [internal] load .dockerignore
#3 transferring context: 92B done
#3 DONE 0.1s

#4 [1/4] FROM docker.io/library/golang:1.25@sha256:699337d620559a59b4a2bb298ad59611e535d2ee755a34cf2d2a98f37578dc80
#4 resolve docker.io/library/golang:1.25@sha256:699337d620559a59b4a2bb298ad59611e535d2ee755a34cf2d2a98f37578dc80 0.1s done
#4 ...

#5 [internal] load build context
#5 transferring context: 16.88kB 0.0s done
#5 DONE 0.2s

#4 [1/4] FROM docker.io/library/golang:1.25@sha256:699337d620559a59b4a2bb298ad59611e535d2ee755a34cf2d2a98f37578dc80
#4 DONE 0.6s

#4 [1/4] FROM docker.io/library/golang:1.25@sha256:699337d620559a59b4a2bb298ad59611e535d2ee755a34cf2d2a98f37578dc80
#4 sha256:547e989301353b555d27ccfb0e4081fa9ee30e43ce5c3e57100b4603676d58cd 0B / 126B 0.2s
#4 sha256:547e989301353b555d27ccfb0e4081fa9ee30e43ce5c3e57100b4603676d58cd 126B / 126B 0.2s done
#4 sha256:cd6b31ea4633e156e104ba957c37e29f4e6d880222f0130b90108570442ad860 0B / 102.32MB 0.2s
#4 sha256:68b64c51cda3d04397bcf5742a29a9a1ba7adcfd18a376bacb8d114ed64cbd5a 0B / 25.64MB 0.2s
#4 sha256:ec935196e6a095bdd6ac865248321ea4fd33424071fe14264cd33900f8ae6212 0B / 67.80MB 0.2s
#4 sha256:1da3cb2f93f2ca3c5bdaf4c024a7f1ebd717938d20c858e4be4b9aa81fc8608c 0B / 49.31MB 0.2s
#4 sha256:68b64c51cda3d04397bcf5742a29a9a1ba7adcfd18a376bacb8d114ed64cbd5a 2.10MB / 25.64MB 1.7s
#4 sha256:cd6b31ea4633e156e104ba957c37e29f4e6d880222f0130b90108570442ad860 5.24MB / 102.32MB 2.1s
#4 sha256:1da3cb2f93f2ca3c5bdaf4c024a7f1ebd717938d20c858e4be4b9aa81fc8608c 3.15MB / 49.31MB 1.8s
#4 sha256:68b64c51cda3d04397bcf5742a29a9a1ba7adcfd18a376bacb8d114ed64cbd5a 4.19MB / 25.64MB 2.3s
#4 sha256:68b64c51cda3d04397bcf5742a29a9a1ba7adcfd18a376bacb8d114ed64cbd5a 6.29MB / 25.64MB 3.2s
#4 sha256:ec935196e6a095bdd6ac865248321ea4fd33424071fe14264cd33900f8ae6212 4.19MB / 67.80MB 3.5s
#4 sha256:1da3cb2f93f2ca3c5bdaf4c024a7f1ebd717938d20c858e4be4b9aa81fc8608c 6.29MB / 49.31MB 3.6s
#4 sha256:68b64c51cda3d04397bcf5742a29a9a1ba7adcfd18a376bacb8d114ed64cbd5a 8.39MB / 25.64MB 4.4s
#4 sha256:cd6b31ea4633e156e104ba957c37e29f4e6d880222f0130b90108570442ad860 10.49MB / 102.32MB 4.8s
#4 sha256:68b64c51cda3d04397bcf5742a29a9a1ba7adcfd18a376bacb8d114ed64cbd5a 10.49MB / 25.64MB 5.6s
#4 sha256:ec935196e6a095bdd6ac865248321ea4fd33424071fe14264cd33900f8ae6212 8.39MB / 67.80MB 5.6s
#4 sha256:1da3cb2f93f2ca3c5bdaf4c024a7f1ebd717938d20c858e4be4b9aa81fc8608c 9.44MB / 49.31MB 5.6s
#4 sha256:68b64c51cda3d04397bcf5742a29a9a1ba7adcfd18a376bacb8d114ed64cbd5a 12.58MB / 25.64MB 6.6s
#4 sha256:cd6b31ea4633e156e104ba957c37e29f4e6d880222f0130b90108570442ad860 15.73MB / 102.32MB 7.4s
#4 sha256:1da3cb2f93f2ca3c5bdaf4c024a7f1ebd717938d20c858e4be4b9aa81fc8608c 12.58MB / 49.31MB 7.1s
#4 sha256:68b64c51cda3d04397bcf5742a29a9a1ba7adcfd18a376bacb8d114ed64cbd5a 14.68MB / 25.64MB 7.7s
#4 sha256:ec935196e6a095bdd6ac865248321ea4fd33424071fe14264cd33900f8ae6212 12.58MB / 67.80MB 8.0s
#4 sha256:68b64c51cda3d04397bcf5742a29a9a1ba7adcfd18a376bacb8d114ed64cbd5a 16.78MB / 25.64MB 9.9s
#4 sha256:1da3cb2f93f2ca3c5bdaf4c024a7f1ebd717938d20c858e4be4b9aa81fc8608c 15.73MB / 49.31MB 9.8s
#4 sha256:cd6b31ea4633e156e104ba957c37e29f4e6d880222f0130b90108570442ad860 20.97MB / 102.32MB 10.7s
#4 sha256:68b64c51cda3d04397bcf5742a29a9a1ba7adcfd18a376bacb8d114ed64cbd5a 18.87MB / 25.64MB 10.8s
#4 sha256:ec935196e6a095bdd6ac865248321ea4fd33424071fe14264cd33900f8ae6212 16.78MB / 67.80MB 10.8s
#4 sha256:1da3cb2f93f2ca3c5bdaf4c024a7f1ebd717938d20c858e4be4b9aa81fc8608c 18.87MB / 49.31MB 11.0s
#4 sha256:68b64c51cda3d04397bcf5742a29a9a1ba7adcfd18a376bacb8d114ed64cbd5a 20.97MB / 25.64MB 11.6s
#4 sha256:1da3cb2f93f2ca3c5bdaf4c024a7f1ebd717938d20c858e4be4b9aa81fc8608c 22.02MB / 49.31MB 11.9s
#4 sha256:68b64c51cda3d04397bcf5742a29a9a1ba7adcfd18a376bacb8d114ed64cbd5a 23.07MB / 25.64MB 12.3s
#4 sha256:ec935196e6a095bdd6ac865248321ea4fd33424071fe14264cd33900f8ae6212 20.97MB / 67.80MB 12.2s
#4 sha256:cd6b31ea4633e156e104ba957c37e29f4e6d880222f0130b90108570442ad860 26.21MB / 102.32MB 12.5s
#4 sha256:68b64c51cda3d04397bcf5742a29a9a1ba7adcfd18a376bacb8d114ed64cbd5a 25.17MB / 25.64MB 12.9s
#4 sha256:1da3cb2f93f2ca3c5bdaf4c024a7f1ebd717938d20c858e4be4b9aa81fc8608c 25.17MB / 49.31MB 12.8s
#4 sha256:68b64c51cda3d04397bcf5742a29a9a1ba7adcfd18a376bacb8d114ed64cbd5a 25.64MB / 25.64MB 13.3s done
#4 sha256:ec935196e6a095bdd6ac865248321ea4fd33424071fe14264cd33900f8ae6212 25.17MB / 67.80MB 13.7s
#4 sha256:1da3cb2f93f2ca3c5bdaf4c024a7f1ebd717938d20c858e4be4b9aa81fc8608c 28.31MB / 49.31MB 13.8s
#4 sha256:cd6b31ea4633e156e104ba957c37e29f4e6d880222f0130b90108570442ad860 31.46MB / 102.32MB 14.3s
#4 sha256:1da3cb2f93f2ca3c5bdaf4c024a7f1ebd717938d20c858e4be4b9aa81fc8608c 31.46MB / 49.31MB 14.7s
#4 sha256:ec935196e6a095bdd6ac865248321ea4fd33424071fe14264cd33900f8ae6212 29.36MB / 67.80MB 15.0s
#4 sha256:cd6b31ea4633e156e104ba957c37e29f4e6d880222f0130b90108570442ad860 36.70MB / 102.32MB 15.5s
#4 sha256:1da3cb2f93f2ca3c5bdaf4c024a7f1ebd717938d20c858e4be4b9aa81fc8608c 34.60MB / 49.31MB 15.3s
#4 sha256:ec935196e6a095bdd6ac865248321ea4fd33424071fe14264cd33900f8ae6212 33.55MB / 67.80MB 15.8s
#4 sha256:1da3cb2f93f2ca3c5bdaf4c024a7f1ebd717938d20c858e4be4b9aa81fc8608c 37.75MB / 49.31MB 16.1s
#4 sha256:cd6b31ea4633e156e104ba957c37e29f4e6d880222f0130b90108570442ad860 41.94MB / 102.32MB 16.7s
#4 sha256:ec935196e6a095bdd6ac865248321ea4fd33424071fe14264cd33900f8ae6212 37.75MB / 67.80MB 16.8s
#4 sha256:1da3cb2f93f2ca3c5bdaf4c024a7f1ebd717938d20c858e4be4b9aa81fc8608c 40.89MB / 49.31MB 16.8s
#4 sha256:1da3cb2f93f2ca3c5bdaf4c024a7f1ebd717938d20c858e4be4b9aa81fc8608c 44.04MB / 49.31MB 17.3s
#4 sha256:cd6b31ea4633e156e104ba957c37e29f4e6d880222f0130b90108570442ad860 47.19MB / 102.32MB 17.6s
#4 sha256:ec935196e6a095bdd6ac865248321ea4fd33424071fe14264cd33900f8ae6212 41.94MB / 67.80MB 17.4s
#4 sha256:1da3cb2f93f2ca3c5bdaf4c024a7f1ebd717938d20c858e4be4b9aa81fc8608c 47.19MB / 49.31MB 17.7s
#4 sha256:cd6b31ea4633e156e104ba957c37e29f4e6d880222f0130b90108570442ad860 52.43MB / 102.32MB 18.2s
#4 sha256:ec935196e6a095bdd6ac865248321ea4fd33424071fe14264cd33900f8ae6212 46.14MB / 67.80MB 18.3s
#4 sha256:1da3cb2f93f2ca3c5bdaf4c024a7f1ebd717938d20c858e4be4b9aa81fc8608c 49.31MB / 49.31MB 18.5s done
#4 sha256:cd6b31ea4633e156e104ba957c37e29f4e6d880222f0130b90108570442ad860 57.67MB / 102.32MB 18.9s
#4 sha256:ec935196e6a095bdd6ac865248321ea4fd33424071fe14264cd33900f8ae6212 51.38MB / 67.80MB 18.9s
#4 extracting sha256:1da3cb2f93f2ca3c5bdaf4c024a7f1ebd717938d20c858e4be4b9aa81fc8608c
#4 sha256:cd6b31ea4633e156e104ba957c37e29f4e6d880222f0130b90108570442ad860 62.91MB / 102.32MB 19.5s
#4 sha256:ec935196e6a095bdd6ac865248321ea4fd33424071fe14264cd33900f8ae6212 55.57MB / 67.80MB 19.5s
#4 sha256:ec935196e6a095bdd6ac865248321ea4fd33424071fe14264cd33900f8ae6212 59.77MB / 67.80MB 20.0s
#4 sha256:cd6b31ea4633e156e104ba957c37e29f4e6d880222f0130b90108570442ad860 68.16MB / 102.32MB 20.5s
#4 sha256:ec935196e6a095bdd6ac865248321ea4fd33424071fe14264cd33900f8ae6212 63.96MB / 67.80MB 20.8s
#4 sha256:cd6b31ea4633e156e104ba957c37e29f4e6d880222f0130b90108570442ad860 73.40MB / 102.32MB 21.4s
#4 sha256:ec935196e6a095bdd6ac865248321ea4fd33424071fe14264cd33900f8ae6212 67.80MB / 67.80MB 21.4s done
#4 sha256:cd6b31ea4633e156e104ba957c37e29f4e6d880222f0130b90108570442ad860 78.64MB / 102.32MB 22.2s
#4 sha256:cd6b31ea4633e156e104ba957c37e29f4e6d880222f0130b90108570442ad860 84.93MB / 102.32MB 23.1s
#4 extracting sha256:1da3cb2f93f2ca3c5bdaf4c024a7f1ebd717938d20c858e4be4b9aa81fc8608c 4.0s done
#4 extracting sha256:68b64c51cda3d04397bcf5742a29a9a1ba7adcfd18a376bacb8d114ed64cbd5a
#4 sha256:cd6b31ea4633e156e104ba957c37e29f4e6d880222f0130b90108570442ad860 90.18MB / 102.32MB 23.7s
#4 sha256:cd6b31ea4633e156e104ba957c37e29f4e6d880222f0130b90108570442ad860 95.42MB / 102.32MB 24.4s
#4 sha256:cd6b31ea4633e156e104ba957c37e29f4e6d880222f0130b90108570442ad860 100.66MB / 102.32MB 25.4s
#4 extracting sha256:68b64c51cda3d04397bcf5742a29a9a1ba7adcfd18a376bacb8d114ed64cbd5a 2.0s done
#4 extracting sha256:ec935196e6a095bdd6ac865248321ea4fd33424071fe14264cd33900f8ae6212
#4 sha256:cd6b31ea4633e156e104ba957c37e29f4e6d880222f0130b90108570442ad860 102.32MB / 102.32MB 25.7s done
#4 extracting sha256:ec935196e6a095bdd6ac865248321ea4fd33424071fe14264cd33900f8ae6212 4.1s done
#4 extracting sha256:cd6b31ea4633e156e104ba957c37e29f4e6d880222f0130b90108570442ad860
#4 extracting sha256:cd6b31ea4633e156e104ba957c37e29f4e6d880222f0130b90108570442ad860 3.1s done
#4 DONE 33.3s

#4 [1/4] FROM docker.io/library/golang:1.25@sha256:699337d620559a59b4a2bb298ad59611e535d2ee755a34cf2d2a98f37578dc80
#4 extracting sha256:2129e38f8eb91140cd022167d69ad764919cb78de3d2c70efd48c5e6b1b48f98
#4 extracting sha256:2129e38f8eb91140cd022167d69ad764919cb78de3d2c70efd48c5e6b1b48f98 7.0s done
#4 DONE 40.3s

#4 [1/4] FROM docker.io/library/golang:1.25@sha256:699337d620559a59b4a2bb298ad59611e535d2ee755a34cf2d2a98f37578dc80
#4 extracting sha256:547e989301353b555d27ccfb0e4081fa9ee30e43ce5c3e57100b4603676d58cd 0.0s done
#4 extracting sha256:4f4fb700ef54461cfa02571ae0db9a0dc1e0cdb5577484a6d75e68dc38e8acc1 0.0s done
#4 DONE 40.3s

#6 [2/4] WORKDIR /app
#6 DONE 0.6s

#7 [3/4] COPY . .
#7 DONE 0.1s

#8 [4/4] RUN go mod download && go build -o /app/notes .
#8 DONE 17.7s

#9 exporting to image
#9 exporting layers
#9 exporting layers 8.0s done
#9 exporting manifest sha256:8e2f2e3bab52a2973e76b0eb579a5848b8b988a9031b0f8eee7c64c2726b1c5b 0.0s done
#9 exporting config sha256:1fb2037cc0961808fcd503d997e9e7fcd45884bf66030062c4e36a8b5cd4bbc7 0.0s done
#9 exporting attestation manifest sha256:c1be471ef3aef470d48a9a8d2f35e1dc267d818598547b3f12c0fa22291c2c42 0.0s done
#9 exporting manifest list sha256:24f50f86c292189b3a116719e609bc82bded02528cab3775357e43504c03f68c 0.0s done
#9 naming to docker.io/library/devops-lab02-api-bad:latest done
#9 unpacking to docker.io/library/devops-lab02-api-bad:latest
#9 unpacking to docker.io/library/devops-lab02-api-bad:latest 2.3s done
#9 DONE 10.4s

 1 warning found (use docker --debug to expand):
 - JSONArgsRecommended: JSON arguments recommended for CMD to prevent unintended behavior related to OS signals (line 7)
