 Container devops-lab02-frontend-1  Running
 Container devops-lab02-db-1  Running
 Container devops-lab02-backend-1  Running
 Container devops-lab02-nginx-1  Recreate
 Container devops-lab02-nginx-1  Recreated
 Container devops-lab02-db-1  Waiting
 Container devops-lab02-db-1  Healthy
 Container devops-lab02-backend-1  Waiting
 Container devops-lab02-frontend-1  Waiting
 Container devops-lab02-frontend-1  Healthy
 Container devops-lab02-backend-1  Healthy
 Container devops-lab02-nginx-1  Starting
 Container devops-lab02-nginx-1  Started
 Container devops-lab02-nginx-1  Waiting
 Container devops-lab02-db-1  Waiting
 Container devops-lab02-backend-1  Waiting
 Container devops-lab02-frontend-1  Waiting
 Container devops-lab02-backend-1  Healthy
 Container devops-lab02-frontend-1  Healthy
 Container devops-lab02-db-1  Healthy
 Container devops-lab02-nginx-1  Healthy
