 Network lab02-localhost_default  Creating
 Network lab02-localhost_default  Created
 Volume lab02-localhost_db_data  Creating
 Volume lab02-localhost_db_data  Created
 Container lab02-localhost-db-1  Creating
 Container lab02-localhost-db-1  Created
 Container lab02-localhost-backend-1  Creating
 Container lab02-localhost-backend-1  Created
 Container lab02-localhost-db-1  Starting
 Container lab02-localhost-db-1  Started
 Container lab02-localhost-db-1  Waiting
 Container lab02-localhost-db-1  Healthy
 Container lab02-localhost-backend-1  Starting
 Container lab02-localhost-backend-1  Started
NAME                        IMAGE                                                                     COMMAND                  SERVICE   CREATED          STATUS                      PORTS
lab02-localhost-backend-1   sha256:c6b8fdd3262522ae58516cd8c893eb3143fd8d7b7101a8037154270534e59dda   "/app/notes"             backend   32 seconds ago   Up 27 seconds (unhealthy)   8000/tcp
lab02-localhost-db-1        postgres:16-alpine                                                        "docker-entrypoint.s…"   db        33 seconds ago   Up 31 seconds (healthy)     5432/tcp
backend-1  | 2026/10/04 09:49:30 DB not reachable at start; readiness will retry
backend-1  | 2026/10/04 09:49:30 notes-api listening on :8000
{"Status":"running","Running":true,"Paused":false,"Restarting":false,"OOMKilled":false,"Dead":false,"Pid":17705,"ExitCode":0,"Error":"","StartedAt":"2026-10-04T09:49:30.337322517Z","FinishedAt":"0001-01-01T00:00:00Z","Health":{"Status":"unhealthy","FailingStreak":5,"Log":[{"Start":"2026-10-04T09:49:35.53357554Z","End":"2026-10-04T09:49:35.600050048Z","ExitCode":1,"Output":"wget: server returned error: HTTP/1.1 503 Service Unavailable\n"},{"Start":"2026-10-04T09:49:40.600749189Z","End":"2026-10-04T09:49:40.678695146Z","ExitCode":1,"Output":"wget: server returned error: HTTP/1.1 503 Service Unavailable\n"},{"Start":"2026-10-04T09:49:45.679130562Z","End":"2026-10-04T09:49:45.765293035Z","ExitCode":1,"Output":"wget: server returned error: HTTP/1.1 503 Service Unavailable\n"},{"Start":"2026-10-04T09:49:50.766288451Z","End":"2026-10-04T09:49:50.839868316Z","ExitCode":1,"Output":"wget: server returned error: HTTP/1.1 503 Service Unavailable\n"},{"Start":"2026-10-04T09:49:55.841791856Z","End":"2026-10-04T09:49:55.91412351Z","ExitCode":1,"Output":"wget: server returned error: HTTP/1.1 503 Service Unavailable\n"}]}}
UID                 PID                 PPID                C                   STIME               TTY                 TIME                CMD
10001               17705               17680               0                   09:49               ?                   00:00:00            /app/notes
Connecting to 127.0.0.1:8000 (127.0.0.1:8000)
  HTTP/1.1 503 Service Unavailable
wget: server returned error: HTTP/1.1 503 Service Unavailable
172.25.0.2        db  db
 Container lab02-localhost-db-1  Running
 Container lab02-localhost-backend-1  Recreate
 Container lab02-localhost-backend-1  Recreated
 Container lab02-localhost-db-1  Waiting
 Container lab02-localhost-db-1  Healthy
 Container lab02-localhost-backend-1  Starting
 Container lab02-localhost-backend-1  Started
 Container lab02-localhost-db-1  Waiting
 Container lab02-localhost-backend-1  Waiting
 Container lab02-localhost-db-1  Healthy
 Container lab02-localhost-backend-1  Healthy
{"db":true,"status":"ok"}
PASS: localhost failed; removing overlay restored db DNS and readiness
 Container lab02-localhost-backend-1  Stopping
 Container lab02-localhost-backend-1  Stopped
 Container lab02-localhost-backend-1  Removing
 Container lab02-localhost-backend-1  Removed
 Container lab02-localhost-db-1  Stopping
 Container lab02-localhost-db-1  Stopped
 Container lab02-localhost-db-1  Removing
 Container lab02-localhost-db-1  Removed
 Network lab02-localhost_default  Removing
 Network lab02-localhost_default  Removed
