#1 [internal] load local bake definitions
#1 reading from stdin 607B 0.1s done
#1 DONE 0.1s

#2 [internal] load build definition from Dockerfile
#2 transferring dockerfile: 1.08kB 0.0s done
#2 DONE 0.0s

#3 resolve image config for docker-image://docker.io/docker/dockerfile:1
#3 DONE 0.8s

#4 docker-image://docker.io/docker/dockerfile:1@sha256:4edf897a3ffa55b89f906fc8cc78afdb3f1834cc9c7083565e611a8a7d5fe99e
#4 resolve docker.io/docker/dockerfile:1@sha256:4edf897a3ffa55b89f906fc8cc78afdb3f1834cc9c7083565e611a8a7d5fe99e
#4 resolve docker.io/docker/dockerfile:1@sha256:4edf897a3ffa55b89f906fc8cc78afdb3f1834cc9c7083565e611a8a7d5fe99e 0.1s done
#4 DONE 0.1s

#4 docker-image://docker.io/docker/dockerfile:1@sha256:4edf897a3ffa55b89f906fc8cc78afdb3f1834cc9c7083565e611a8a7d5fe99e
#4 CACHED

#5 [internal] load metadata for docker.io/library/golang:1.25-alpine
#5 ...

#6 [internal] load metadata for docker.io/library/alpine:3.22
#6 DONE 0.5s

#5 [internal] load metadata for docker.io/library/golang:1.25-alpine
#5 DONE 0.5s

#7 [internal] load .dockerignore
#7 transferring context: 92B done
#7 DONE 0.0s

#8 [internal] load build context
#8 DONE 0.0s

#9 [builder 1/6] FROM docker.io/library/golang:1.25-alpine@sha256:1ae0735f00daffa3aaf1363a5184c0d2dc55c78e3db4ec70241cdac97bf84b59
#9 resolve docker.io/library/golang:1.25-alpine@sha256:1ae0735f00daffa3aaf1363a5184c0d2dc55c78e3db4ec70241cdac97bf84b59
#9 resolve docker.io/library/golang:1.25-alpine@sha256:1ae0735f00daffa3aaf1363a5184c0d2dc55c78e3db4ec70241cdac97bf84b59 0.1s done
#9 DONE 0.1s

#10 [runtime 1/5] FROM docker.io/library/alpine:3.22@sha256:5291449c3df73caf6ed85e649dec1b9e818b39a5d8c871e97afc13e9cd5e8fa8
#10 resolve docker.io/library/alpine:3.22@sha256:5291449c3df73caf6ed85e649dec1b9e818b39a5d8c871e97afc13e9cd5e8fa8 0.1s done
#10 DONE 0.1s

#8 [internal] load build context
#8 transferring context: 508B done
#8 DONE 0.0s

#11 [runtime 3/5] WORKDIR /app
#11 CACHED

#12 [runtime 4/5] COPY --from=builder /out/notes /app/notes
#12 CACHED

#13 [runtime 2/5] RUN adduser -D -H -u 10001 app
#13 CACHED

#14 [builder 3/6] COPY go.mod go.sum ./
#14 CACHED

#15 [builder 2/6] WORKDIR /src
#15 CACHED

#16 [builder 5/6] COPY . .
#16 CACHED

#17 [builder 4/6] RUN --mount=type=cache,target=/go/pkg/mod go mod download
#17 CACHED

#18 [runtime 5/5] COPY --chmod=755 healthcheck.sh /app/healthcheck.sh
#18 CACHED

#19 [builder 6/6] RUN --mount=type=cache,target=/go/pkg/mod --mount=type=cache,target=/root/.cache/go-build     CGO_ENABLED=0 GOOS=linux go build -trimpath -ldflags="-s -w" -o /out/notes .
#19 CACHED

#20 [pressure-builder 1/1] RUN CGO_ENABLED=0 GOOS=linux go build -trimpath -ldflags="-s -w" -o /out/memory-pressure ./cmd/memory-pressure
#20 DONE 15.9s

#21 [diagnostics 1/1] COPY --from=pressure-builder /out/memory-pressure /app/memory-pressure
#21 DONE 2.2s

#22 exporting to image
#22 exporting layers
#22 exporting layers 3.8s done
#22 exporting manifest sha256:752ab2196a9b98e651e93e3c420c0d7edc2332a1e0773d72b6610345d81c905a
#22 exporting manifest sha256:752ab2196a9b98e651e93e3c420c0d7edc2332a1e0773d72b6610345d81c905a 0.4s done
#22 exporting config sha256:9a72c719be0785aa2018111e97ecccbbbd8e5ead256074b3de348dde63894356
#22 exporting config sha256:9a72c719be0785aa2018111e97ecccbbbd8e5ead256074b3de348dde63894356 0.4s done
#22 exporting attestation manifest sha256:d7ffd2bc7d7bb5628a029953ce4d4c3806d639c4d6fddc5c9e02a80ed9d27a76
#22 exporting attestation manifest sha256:d7ffd2bc7d7bb5628a029953ce4d4c3806d639c4d6fddc5c9e02a80ed9d27a76 1.1s done
#22 exporting manifest list sha256:88f0f600168fa5f77251c2f7012eefed65476f7ca7ac01760ea0162c338c98d4
#22 exporting manifest list sha256:88f0f600168fa5f77251c2f7012eefed65476f7ca7ac01760ea0162c338c98d4 0.6s done
#22 naming to docker.io/library/lab02-oom-backend:latest
#22 naming to docker.io/library/lab02-oom-backend:latest 0.1s done
#22 unpacking to docker.io/library/lab02-oom-backend:latest
#22 unpacking to docker.io/library/lab02-oom-backend:latest 0.9s done
#22 DONE 8.0s

#23 resolving provenance for metadata file
#23 DONE 0.1s
 lab02-oom-backend  Built
 Network lab02-oom_default  Creating
 Network lab02-oom_default  Created
 Volume lab02-oom_db_data  Creating
 Volume lab02-oom_db_data  Created
 Container lab02-oom-db-1  Creating
 Container lab02-oom-db-1  Created
 Container lab02-oom-backend-1  Creating
 Container lab02-oom-backend-1  Created
 Container lab02-oom-db-1  Starting
 Container lab02-oom-db-1  Started
 Container lab02-oom-db-1  Waiting
 Container lab02-oom-db-1  Healthy
 Container lab02-oom-backend-1  Starting
 Container lab02-oom-backend-1  Started
NAME                  IMAGE                COMMAND                  SERVICE   CREATED          STATUS                        PORTS
lab02-oom-backend-1   lab02-oom-backend    "/app/memory-pressure"   backend   31 seconds ago   Exited (137) 11 seconds ago   
lab02-oom-db-1        postgres:16-alpine   "docker-entrypoint.s…"   db        34 seconds ago   Up 25 seconds (healthy)       5432/tcp
backend-1  | allocated 8 MiB
backend-1  | allocated 16 MiB
backend-1  | allocated 24 MiB
backend-1  | allocated 32 MiB
backend-1  | allocated 40 MiB
backend-1  | allocated 48 MiB
backend-1  | allocated 56 MiB
{"Status":"exited","Running":false,"Paused":false,"Restarting":false,"OOMKilled":true,"Dead":false,"Pid":0,"ExitCode":137,"Error":"","StartedAt":"2026-10-04T09:51:41.857711776Z","FinishedAt":"2026-10-04T09:51:44.164804803Z"}
2026-10-04T12:51:17.310985755+03:00 image create sha256:88f0f600168fa5f77251c2f7012eefed65476f7ca7ac01760ea0162c338c98d4 (com.docker.compose.project=lab02-oom, com.docker.compose.service=backend, com.docker.compose.version=2.40.3, name=sha256:88f0f600168fa5f77251c2f7012eefed65476f7ca7ac01760ea0162c338c98d4)
2026-10-04T12:51:17.384950855+03:00 image tag sha256:88f0f600168fa5f77251c2f7012eefed65476f7ca7ac01760ea0162c338c98d4 (com.docker.compose.project=lab02-oom, com.docker.compose.service=backend, com.docker.compose.version=2.40.3, name=lab02-oom-backend:latest)
2026-10-04T12:51:25.641918790+03:00 container create db46b0f4c917c91ea9712da96e5b697563e288cd8d0deb4f1e7f097a9129724e (com.docker.compose.config-hash=c7e98ec8fa98a9ee3e0c585ba7e424da69fb8cce290f5ea46c574f449655b00d, com.docker.compose.container-number=1, com.docker.compose.depends_on=, com.docker.compose.image=sha256:721873c34ceb9f8d8fc265984940dc982404c105f19ad51be9fdc5970a6080ea, com.docker.compose.oneoff=False, com.docker.compose.project=lab02-oom, com.docker.compose.project.config_files=E:\DevOps_Lab\DevOps_Lab\lab-02\devops-stack\docker-compose.yml,E:\DevOps_Lab\DevOps_Lab\lab-02\devops-stack\diagnostics\oom.yml, com.docker.compose.project.working_dir=E:\DevOps_Lab\DevOps_Lab\lab-02\devops-stack, com.docker.compose.service=db, com.docker.compose.version=2.40.3, desktop.docker.io/ports.scheme=v2, image=postgres:16-alpine, name=lab02-oom-db-1)
2026-10-04T12:51:29.491312517+03:00 container create ba0328552355bb69bcc12e9337f3ce117f401dfec799125308da6ff2f04846b2 (com.docker.compose.config-hash=8acdc355cf762cf5454f2631beb0265fff098c97c79eaf7b26ddd96050f75304, com.docker.compose.container-number=1, com.docker.compose.depends_on=db:service_healthy:false, com.docker.compose.image=sha256:88f0f600168fa5f77251c2f7012eefed65476f7ca7ac01760ea0162c338c98d4, com.docker.compose.oneoff=False, com.docker.compose.project=lab02-oom, com.docker.compose.project.config_files=E:\DevOps_Lab\DevOps_Lab\lab-02\devops-stack\docker-compose.yml,E:\DevOps_Lab\DevOps_Lab\lab-02\devops-stack\diagnostics\oom.yml, com.docker.compose.project.working_dir=E:\DevOps_Lab\DevOps_Lab\lab-02\devops-stack, com.docker.compose.service=backend, com.docker.compose.version=2.40.3, desktop.docker.io/ports.scheme=v2, image=lab02-oom-backend, name=lab02-oom-backend-1)
2026-10-04T12:51:31.880582982+03:00 container start db46b0f4c917c91ea9712da96e5b697563e288cd8d0deb4f1e7f097a9129724e (com.docker.compose.config-hash=c7e98ec8fa98a9ee3e0c585ba7e424da69fb8cce290f5ea46c574f449655b00d, com.docker.compose.container-number=1, com.docker.compose.depends_on=, com.docker.compose.image=sha256:721873c34ceb9f8d8fc265984940dc982404c105f19ad51be9fdc5970a6080ea, com.docker.compose.oneoff=False, com.docker.compose.project=lab02-oom, com.docker.compose.project.config_files=E:\DevOps_Lab\DevOps_Lab\lab-02\devops-stack\docker-compose.yml,E:\DevOps_Lab\DevOps_Lab\lab-02\devops-stack\diagnostics\oom.yml, com.docker.compose.project.working_dir=E:\DevOps_Lab\DevOps_Lab\lab-02\devops-stack, com.docker.compose.service=db, com.docker.compose.version=2.40.3, desktop.docker.io/ports.scheme=v2, image=postgres:16-alpine, name=lab02-oom-db-1)
2026-10-04T12:51:34.882359346+03:00 container exec_create: /bin/sh -c pg_isready -U notes -d notes db46b0f4c917c91ea9712da96e5b697563e288cd8d0deb4f1e7f097a9129724e (com.docker.compose.config-hash=c7e98ec8fa98a9ee3e0c585ba7e424da69fb8cce290f5ea46c574f449655b00d, com.docker.compose.container-number=1, com.docker.compose.depends_on=, com.docker.compose.image=sha256:721873c34ceb9f8d8fc265984940dc982404c105f19ad51be9fdc5970a6080ea, com.docker.compose.oneoff=False, com.docker.compose.project=lab02-oom, com.docker.compose.project.config_files=E:\DevOps_Lab\DevOps_Lab\lab-02\devops-stack\docker-compose.yml,E:\DevOps_Lab\DevOps_Lab\lab-02\devops-stack\diagnostics\oom.yml, com.docker.compose.project.working_dir=E:\DevOps_Lab\DevOps_Lab\lab-02\devops-stack, com.docker.compose.service=db, com.docker.compose.version=2.40.3, desktop.docker.io/ports.scheme=v2, execID=623da12d4dba8f8c2af8c4005f7132491a926dd54c0abc3c422472b85730b37b, image=postgres:16-alpine, name=lab02-oom-db-1)
2026-10-04T12:51:34.882785357+03:00 container exec_start: /bin/sh -c pg_isready -U notes -d notes db46b0f4c917c91ea9712da96e5b697563e288cd8d0deb4f1e7f097a9129724e (com.docker.compose.config-hash=c7e98ec8fa98a9ee3e0c585ba7e424da69fb8cce290f5ea46c574f449655b00d, com.docker.compose.container-number=1, com.docker.compose.depends_on=, com.docker.compose.image=sha256:721873c34ceb9f8d8fc265984940dc982404c105f19ad51be9fdc5970a6080ea, com.docker.compose.oneoff=False, com.docker.compose.project=lab02-oom, com.docker.compose.project.config_files=E:\DevOps_Lab\DevOps_Lab\lab-02\devops-stack\docker-compose.yml,E:\DevOps_Lab\DevOps_Lab\lab-02\devops-stack\diagnostics\oom.yml, com.docker.compose.project.working_dir=E:\DevOps_Lab\DevOps_Lab\lab-02\devops-stack, com.docker.compose.service=db, com.docker.compose.version=2.40.3, desktop.docker.io/ports.scheme=v2, execID=623da12d4dba8f8c2af8c4005f7132491a926dd54c0abc3c422472b85730b37b, image=postgres:16-alpine, name=lab02-oom-db-1)
2026-10-04T12:51:34.958633541+03:00 container exec_die db46b0f4c917c91ea9712da96e5b697563e288cd8d0deb4f1e7f097a9129724e (com.docker.compose.config-hash=c7e98ec8fa98a9ee3e0c585ba7e424da69fb8cce290f5ea46c574f449655b00d, com.docker.compose.container-number=1, com.docker.compose.depends_on=, com.docker.compose.image=sha256:721873c34ceb9f8d8fc265984940dc982404c105f19ad51be9fdc5970a6080ea, com.docker.compose.oneoff=False, com.docker.compose.project=lab02-oom, com.docker.compose.project.config_files=E:\DevOps_Lab\DevOps_Lab\lab-02\devops-stack\docker-compose.yml,E:\DevOps_Lab\DevOps_Lab\lab-02\devops-stack\diagnostics\oom.yml, com.docker.compose.project.working_dir=E:\DevOps_Lab\DevOps_Lab\lab-02\devops-stack, com.docker.compose.service=db, com.docker.compose.version=2.40.3, desktop.docker.io/ports.scheme=v2, execID=623da12d4dba8f8c2af8c4005f7132491a926dd54c0abc3c422472b85730b37b, exitCode=2, image=postgres:16-alpine, name=lab02-oom-db-1)
2026-10-04T12:51:37.959914891+03:00 container exec_create: /bin/sh -c pg_isready -U notes -d notes db46b0f4c917c91ea9712da96e5b697563e288cd8d0deb4f1e7f097a9129724e (com.docker.compose.config-hash=c7e98ec8fa98a9ee3e0c585ba7e424da69fb8cce290f5ea46c574f449655b00d, com.docker.compose.container-number=1, com.docker.compose.depends_on=, com.docker.compose.image=sha256:721873c34ceb9f8d8fc265984940dc982404c105f19ad51be9fdc5970a6080ea, com.docker.compose.oneoff=False, com.docker.compose.project=lab02-oom, com.docker.compose.project.config_files=E:\DevOps_Lab\DevOps_Lab\lab-02\devops-stack\docker-compose.yml,E:\DevOps_Lab\DevOps_Lab\lab-02\devops-stack\diagnostics\oom.yml, com.docker.compose.project.working_dir=E:\DevOps_Lab\DevOps_Lab\lab-02\devops-stack, com.docker.compose.service=db, com.docker.compose.version=2.40.3, desktop.docker.io/ports.scheme=v2, execID=35601a35fb51ffcaee41050961986c88f90e847b8b376a59ac2c9c37c179faf8, image=postgres:16-alpine, name=lab02-oom-db-1)
2026-10-04T12:51:37.960281599+03:00 container exec_start: /bin/sh -c pg_isready -U notes -d notes db46b0f4c917c91ea9712da96e5b697563e288cd8d0deb4f1e7f097a9129724e (com.docker.compose.config-hash=c7e98ec8fa98a9ee3e0c585ba7e424da69fb8cce290f5ea46c574f449655b00d, com.docker.compose.container-number=1, com.docker.compose.depends_on=, com.docker.compose.image=sha256:721873c34ceb9f8d8fc265984940dc982404c105f19ad51be9fdc5970a6080ea, com.docker.compose.oneoff=False, com.docker.compose.project=lab02-oom, com.docker.compose.project.config_files=E:\DevOps_Lab\DevOps_Lab\lab-02\devops-stack\docker-compose.yml,E:\DevOps_Lab\DevOps_Lab\lab-02\devops-stack\diagnostics\oom.yml, com.docker.compose.project.working_dir=E:\DevOps_Lab\DevOps_Lab\lab-02\devops-stack, com.docker.compose.service=db, com.docker.compose.version=2.40.3, desktop.docker.io/ports.scheme=v2, execID=35601a35fb51ffcaee41050961986c88f90e847b8b376a59ac2c9c37c179faf8, image=postgres:16-alpine, name=lab02-oom-db-1)
2026-10-04T12:51:38.037170556+03:00 container exec_die db46b0f4c917c91ea9712da96e5b697563e288cd8d0deb4f1e7f097a9129724e (com.docker.compose.config-hash=c7e98ec8fa98a9ee3e0c585ba7e424da69fb8cce290f5ea46c574f449655b00d, com.docker.compose.container-number=1, com.docker.compose.depends_on=, com.docker.compose.image=sha256:721873c34ceb9f8d8fc265984940dc982404c105f19ad51be9fdc5970a6080ea, com.docker.compose.oneoff=False, com.docker.compose.project=lab02-oom, com.docker.compose.project.config_files=E:\DevOps_Lab\DevOps_Lab\lab-02\devops-stack\docker-compose.yml,E:\DevOps_Lab\DevOps_Lab\lab-02\devops-stack\diagnostics\oom.yml, com.docker.compose.project.working_dir=E:\DevOps_Lab\DevOps_Lab\lab-02\devops-stack, com.docker.compose.service=db, com.docker.compose.version=2.40.3, desktop.docker.io/ports.scheme=v2, execID=35601a35fb51ffcaee41050961986c88f90e847b8b376a59ac2c9c37c179faf8, exitCode=2, image=postgres:16-alpine, name=lab02-oom-db-1)
2026-10-04T12:51:41.038994236+03:00 container exec_create: /bin/sh -c pg_isready -U notes -d notes db46b0f4c917c91ea9712da96e5b697563e288cd8d0deb4f1e7f097a9129724e (com.docker.compose.config-hash=c7e98ec8fa98a9ee3e0c585ba7e424da69fb8cce290f5ea46c574f449655b00d, com.docker.compose.container-number=1, com.docker.compose.depends_on=, com.docker.compose.image=sha256:721873c34ceb9f8d8fc265984940dc982404c105f19ad51be9fdc5970a6080ea, com.docker.compose.oneoff=False, com.docker.compose.project=lab02-oom, com.docker.compose.project.config_files=E:\DevOps_Lab\DevOps_Lab\lab-02\devops-stack\docker-compose.yml,E:\DevOps_Lab\DevOps_Lab\lab-02\devops-stack\diagnostics\oom.yml, com.docker.compose.project.working_dir=E:\DevOps_Lab\DevOps_Lab\lab-02\devops-stack, com.docker.compose.service=db, com.docker.compose.version=2.40.3, desktop.docker.io/ports.scheme=v2, execID=b707f3163b87702464774d89a15fdf2bf98c472fba4bcf4de2ad272026608dc8, image=postgres:16-alpine, name=lab02-oom-db-1)
2026-10-04T12:51:41.039325762+03:00 container exec_start: /bin/sh -c pg_isready -U notes -d notes db46b0f4c917c91ea9712da96e5b697563e288cd8d0deb4f1e7f097a9129724e (com.docker.compose.config-hash=c7e98ec8fa98a9ee3e0c585ba7e424da69fb8cce290f5ea46c574f449655b00d, com.docker.compose.container-number=1, com.docker.compose.depends_on=, com.docker.compose.image=sha256:721873c34ceb9f8d8fc265984940dc982404c105f19ad51be9fdc5970a6080ea, com.docker.compose.oneoff=False, com.docker.compose.project=lab02-oom, com.docker.compose.project.config_files=E:\DevOps_Lab\DevOps_Lab\lab-02\devops-stack\docker-compose.yml,E:\DevOps_Lab\DevOps_Lab\lab-02\devops-stack\diagnostics\oom.yml, com.docker.compose.project.working_dir=E:\DevOps_Lab\DevOps_Lab\lab-02\devops-stack, com.docker.compose.service=db, com.docker.compose.version=2.40.3, desktop.docker.io/ports.scheme=v2, execID=b707f3163b87702464774d89a15fdf2bf98c472fba4bcf4de2ad272026608dc8, image=postgres:16-alpine, name=lab02-oom-db-1)
2026-10-04T12:51:41.124178963+03:00 container exec_die db46b0f4c917c91ea9712da96e5b697563e288cd8d0deb4f1e7f097a9129724e (com.docker.compose.config-hash=c7e98ec8fa98a9ee3e0c585ba7e424da69fb8cce290f5ea46c574f449655b00d, com.docker.compose.container-number=1, com.docker.compose.depends_on=, com.docker.compose.image=sha256:721873c34ceb9f8d8fc265984940dc982404c105f19ad51be9fdc5970a6080ea, com.docker.compose.oneoff=False, com.docker.compose.project=lab02-oom, com.docker.compose.project.config_files=E:\DevOps_Lab\DevOps_Lab\lab-02\devops-stack\docker-compose.yml,E:\DevOps_Lab\DevOps_Lab\lab-02\devops-stack\diagnostics\oom.yml, com.docker.compose.project.working_dir=E:\DevOps_Lab\DevOps_Lab\lab-02\devops-stack, com.docker.compose.service=db, com.docker.compose.version=2.40.3, desktop.docker.io/ports.scheme=v2, execID=b707f3163b87702464774d89a15fdf2bf98c472fba4bcf4de2ad272026608dc8, exitCode=0, image=postgres:16-alpine, name=lab02-oom-db-1)
2026-10-04T12:51:41.124791154+03:00 container health_status: healthy db46b0f4c917c91ea9712da96e5b697563e288cd8d0deb4f1e7f097a9129724e (com.docker.compose.config-hash=c7e98ec8fa98a9ee3e0c585ba7e424da69fb8cce290f5ea46c574f449655b00d, com.docker.compose.container-number=1, com.docker.compose.depends_on=, com.docker.compose.image=sha256:721873c34ceb9f8d8fc265984940dc982404c105f19ad51be9fdc5970a6080ea, com.docker.compose.oneoff=False, com.docker.compose.project=lab02-oom, com.docker.compose.project.config_files=E:\DevOps_Lab\DevOps_Lab\lab-02\devops-stack\docker-compose.yml,E:\DevOps_Lab\DevOps_Lab\lab-02\devops-stack\diagnostics\oom.yml, com.docker.compose.project.working_dir=E:\DevOps_Lab\DevOps_Lab\lab-02\devops-stack, com.docker.compose.service=db, com.docker.compose.version=2.40.3, desktop.docker.io/ports.scheme=v2, image=postgres:16-alpine, name=lab02-oom-db-1)
2026-10-04T12:51:42.655972127+03:00 container start ba0328552355bb69bcc12e9337f3ce117f401dfec799125308da6ff2f04846b2 (com.docker.compose.config-hash=8acdc355cf762cf5454f2631beb0265fff098c97c79eaf7b26ddd96050f75304, com.docker.compose.container-number=1, com.docker.compose.depends_on=db:service_healthy:false, com.docker.compose.image=sha256:88f0f600168fa5f77251c2f7012eefed65476f7ca7ac01760ea0162c338c98d4, com.docker.compose.oneoff=False, com.docker.compose.project=lab02-oom, com.docker.compose.project.config_files=E:\DevOps_Lab\DevOps_Lab\lab-02\devops-stack\docker-compose.yml,E:\DevOps_Lab\DevOps_Lab\lab-02\devops-stack\diagnostics\oom.yml, com.docker.compose.project.working_dir=E:\DevOps_Lab\DevOps_Lab\lab-02\devops-stack, com.docker.compose.service=backend, com.docker.compose.version=2.40.3, desktop.docker.io/ports.scheme=v2, image=lab02-oom-backend, name=lab02-oom-backend-1)
2026-10-04T12:51:44.125518393+03:00 container exec_create: /bin/sh -c pg_isready -U notes -d notes db46b0f4c917c91ea9712da96e5b697563e288cd8d0deb4f1e7f097a9129724e (com.docker.compose.config-hash=c7e98ec8fa98a9ee3e0c585ba7e424da69fb8cce290f5ea46c574f449655b00d, com.docker.compose.container-number=1, com.docker.compose.depends_on=, com.docker.compose.image=sha256:721873c34ceb9f8d8fc265984940dc982404c105f19ad51be9fdc5970a6080ea, com.docker.compose.oneoff=False, com.docker.compose.project=lab02-oom, com.docker.compose.project.config_files=E:\DevOps_Lab\DevOps_Lab\lab-02\devops-stack\docker-compose.yml,E:\DevOps_Lab\DevOps_Lab\lab-02\devops-stack\diagnostics\oom.yml, com.docker.compose.project.working_dir=E:\DevOps_Lab\DevOps_Lab\lab-02\devops-stack, com.docker.compose.service=db, com.docker.compose.version=2.40.3, desktop.docker.io/ports.scheme=v2, execID=77afa5d8005d2f4506f79448e0f5704a987e61be1dd8a3440145bfa2c67dfbbd, image=postgres:16-alpine, name=lab02-oom-db-1)
2026-10-04T12:51:44.125885432+03:00 container exec_start: /bin/sh -c pg_isready -U notes -d notes db46b0f4c917c91ea9712da96e5b697563e288cd8d0deb4f1e7f097a9129724e (com.docker.compose.config-hash=c7e98ec8fa98a9ee3e0c585ba7e424da69fb8cce290f5ea46c574f449655b00d, com.docker.compose.container-number=1, com.docker.compose.depends_on=, com.docker.compose.image=sha256:721873c34ceb9f8d8fc265984940dc982404c105f19ad51be9fdc5970a6080ea, com.docker.compose.oneoff=False, com.docker.compose.project=lab02-oom, com.docker.compose.project.config_files=E:\DevOps_Lab\DevOps_Lab\lab-02\devops-stack\docker-compose.yml,E:\DevOps_Lab\DevOps_Lab\lab-02\devops-stack\diagnostics\oom.yml, com.docker.compose.project.working_dir=E:\DevOps_Lab\DevOps_Lab\lab-02\devops-stack, com.docker.compose.service=db, com.docker.compose.version=2.40.3, desktop.docker.io/ports.scheme=v2, execID=77afa5d8005d2f4506f79448e0f5704a987e61be1dd8a3440145bfa2c67dfbbd, image=postgres:16-alpine, name=lab02-oom-db-1)
2026-10-04T12:51:44.195458344+03:00 container exec_die db46b0f4c917c91ea9712da96e5b697563e288cd8d0deb4f1e7f097a9129724e (com.docker.compose.config-hash=c7e98ec8fa98a9ee3e0c585ba7e424da69fb8cce290f5ea46c574f449655b00d, com.docker.compose.container-number=1, com.docker.compose.depends_on=, com.docker.compose.image=sha256:721873c34ceb9f8d8fc265984940dc982404c105f19ad51be9fdc5970a6080ea, com.docker.compose.oneoff=False, com.docker.compose.project=lab02-oom, com.docker.compose.project.config_files=E:\DevOps_Lab\DevOps_Lab\lab-02\devops-stack\docker-compose.yml,E:\DevOps_Lab\DevOps_Lab\lab-02\devops-stack\diagnostics\oom.yml, com.docker.compose.project.working_dir=E:\DevOps_Lab\DevOps_Lab\lab-02\devops-stack, com.docker.compose.service=db, com.docker.compose.version=2.40.3, desktop.docker.io/ports.scheme=v2, execID=77afa5d8005d2f4506f79448e0f5704a987e61be1dd8a3440145bfa2c67dfbbd, exitCode=0, image=postgres:16-alpine, name=lab02-oom-db-1)
2026-10-04T12:51:47.197021167+03:00 container exec_create: /bin/sh -c pg_isready -U notes -d notes db46b0f4c917c91ea9712da96e5b697563e288cd8d0deb4f1e7f097a9129724e (com.docker.compose.config-hash=c7e98ec8fa98a9ee3e0c585ba7e424da69fb8cce290f5ea46c574f449655b00d, com.docker.compose.container-number=1, com.docker.compose.depends_on=, com.docker.compose.image=sha256:721873c34ceb9f8d8fc265984940dc982404c105f19ad51be9fdc5970a6080ea, com.docker.compose.oneoff=False, com.docker.compose.project=lab02-oom, com.docker.compose.project.config_files=E:\DevOps_Lab\DevOps_Lab\lab-02\devops-stack\docker-compose.yml,E:\DevOps_Lab\DevOps_Lab\lab-02\devops-stack\diagnostics\oom.yml, com.docker.compose.project.working_dir=E:\DevOps_Lab\DevOps_Lab\lab-02\devops-stack, com.docker.compose.service=db, com.docker.compose.version=2.40.3, desktop.docker.io/ports.scheme=v2, execID=03a2fdd70de7773988b886d6d151830ba50d270d7ad61a4520212d54517abb89, image=postgres:16-alpine, name=lab02-oom-db-1)
2026-10-04T12:51:47.197361655+03:00 container exec_start: /bin/sh -c pg_isready -U notes -d notes db46b0f4c917c91ea9712da96e5b697563e288cd8d0deb4f1e7f097a9129724e (com.docker.compose.config-hash=c7e98ec8fa98a9ee3e0c585ba7e424da69fb8cce290f5ea46c574f449655b00d, com.docker.compose.container-number=1, com.docker.compose.depends_on=, com.docker.compose.image=sha256:721873c34ceb9f8d8fc265984940dc982404c105f19ad51be9fdc5970a6080ea, com.docker.compose.oneoff=False, com.docker.compose.project=lab02-oom, com.docker.compose.project.config_files=E:\DevOps_Lab\DevOps_Lab\lab-02\devops-stack\docker-compose.yml,E:\DevOps_Lab\DevOps_Lab\lab-02\devops-stack\diagnostics\oom.yml, com.docker.compose.project.working_dir=E:\DevOps_Lab\DevOps_Lab\lab-02\devops-stack, com.docker.compose.service=db, com.docker.compose.version=2.40.3, desktop.docker.io/ports.scheme=v2, execID=03a2fdd70de7773988b886d6d151830ba50d270d7ad61a4520212d54517abb89, image=postgres:16-alpine, name=lab02-oom-db-1)
2026-10-04T12:51:47.285573723+03:00 container exec_die db46b0f4c917c91ea9712da96e5b697563e288cd8d0deb4f1e7f097a9129724e (com.docker.compose.config-hash=c7e98ec8fa98a9ee3e0c585ba7e424da69fb8cce290f5ea46c574f449655b00d, com.docker.compose.container-number=1, com.docker.compose.depends_on=, com.docker.compose.image=sha256:721873c34ceb9f8d8fc265984940dc982404c105f19ad51be9fdc5970a6080ea, com.docker.compose.oneoff=False, com.docker.compose.project=lab02-oom, com.docker.compose.project.config_files=E:\DevOps_Lab\DevOps_Lab\lab-02\devops-stack\docker-compose.yml,E:\DevOps_Lab\DevOps_Lab\lab-02\devops-stack\diagnostics\oom.yml, com.docker.compose.project.working_dir=E:\DevOps_Lab\DevOps_Lab\lab-02\devops-stack, com.docker.compose.service=db, com.docker.compose.version=2.40.3, desktop.docker.io/ports.scheme=v2, execID=03a2fdd70de7773988b886d6d151830ba50d270d7ad61a4520212d54517abb89, exitCode=0, image=postgres:16-alpine, name=lab02-oom-db-1)
2026-10-04T12:51:50.287181701+03:00 container exec_create: /bin/sh -c pg_isready -U notes -d notes db46b0f4c917c91ea9712da96e5b697563e288cd8d0deb4f1e7f097a9129724e (com.docker.compose.config-hash=c7e98ec8fa98a9ee3e0c585ba7e424da69fb8cce290f5ea46c574f449655b00d, com.docker.compose.container-number=1, com.docker.compose.depends_on=, com.docker.compose.image=sha256:721873c34ceb9f8d8fc265984940dc982404c105f19ad51be9fdc5970a6080ea, com.docker.compose.oneoff=False, com.docker.compose.project=lab02-oom, com.docker.compose.project.config_files=E:\DevOps_Lab\DevOps_Lab\lab-02\devops-stack\docker-compose.yml,E:\DevOps_Lab\DevOps_Lab\lab-02\devops-stack\diagnostics\oom.yml, com.docker.compose.project.working_dir=E:\DevOps_Lab\DevOps_Lab\lab-02\devops-stack, com.docker.compose.service=db, com.docker.compose.version=2.40.3, desktop.docker.io/ports.scheme=v2, execID=48f6eeb0b842920820aeee0f35c82c07de7b488eac1da72560bfa484ebd22088, image=postgres:16-alpine, name=lab02-oom-db-1)
2026-10-04T12:51:50.287578080+03:00 container exec_start: /bin/sh -c pg_isready -U notes -d notes db46b0f4c917c91ea9712da96e5b697563e288cd8d0deb4f1e7f097a9129724e (com.docker.compose.config-hash=c7e98ec8fa98a9ee3e0c585ba7e424da69fb8cce290f5ea46c574f449655b00d, com.docker.compose.container-number=1, com.docker.compose.depends_on=, com.docker.compose.image=sha256:721873c34ceb9f8d8fc265984940dc982404c105f19ad51be9fdc5970a6080ea, com.docker.compose.oneoff=False, com.docker.compose.project=lab02-oom, com.docker.compose.project.config_files=E:\DevOps_Lab\DevOps_Lab\lab-02\devops-stack\docker-compose.yml,E:\DevOps_Lab\DevOps_Lab\lab-02\devops-stack\diagnostics\oom.yml, com.docker.compose.project.working_dir=E:\DevOps_Lab\DevOps_Lab\lab-02\devops-stack, com.docker.compose.service=db, com.docker.compose.version=2.40.3, desktop.docker.io/ports.scheme=v2, execID=48f6eeb0b842920820aeee0f35c82c07de7b488eac1da72560bfa484ebd22088, image=postgres:16-alpine, name=lab02-oom-db-1)
2026-10-04T12:51:50.371330782+03:00 container exec_die db46b0f4c917c91ea9712da96e5b697563e288cd8d0deb4f1e7f097a9129724e (com.docker.compose.config-hash=c7e98ec8fa98a9ee3e0c585ba7e424da69fb8cce290f5ea46c574f449655b00d, com.docker.compose.container-number=1, com.docker.compose.depends_on=, com.docker.compose.image=sha256:721873c34ceb9f8d8fc265984940dc982404c105f19ad51be9fdc5970a6080ea, com.docker.compose.oneoff=False, com.docker.compose.project=lab02-oom, com.docker.compose.project.config_files=E:\DevOps_Lab\DevOps_Lab\lab-02\devops-stack\docker-compose.yml,E:\DevOps_Lab\DevOps_Lab\lab-02\devops-stack\diagnostics\oom.yml, com.docker.compose.project.working_dir=E:\DevOps_Lab\DevOps_Lab\lab-02\devops-stack, com.docker.compose.service=db, com.docker.compose.version=2.40.3, desktop.docker.io/ports.scheme=v2, execID=48f6eeb0b842920820aeee0f35c82c07de7b488eac1da72560bfa484ebd22088, exitCode=0, image=postgres:16-alpine, name=lab02-oom-db-1)
2026-10-04T12:51:51.449006195+03:00 container oom ba0328552355bb69bcc12e9337f3ce117f401dfec799125308da6ff2f04846b2 (com.docker.compose.config-hash=8acdc355cf762cf5454f2631beb0265fff098c97c79eaf7b26ddd96050f75304, com.docker.compose.container-number=1, com.docker.compose.depends_on=db:service_healthy:false, com.docker.compose.image=sha256:88f0f600168fa5f77251c2f7012eefed65476f7ca7ac01760ea0162c338c98d4, com.docker.compose.oneoff=False, com.docker.compose.project=lab02-oom, com.docker.compose.project.config_files=E:\DevOps_Lab\DevOps_Lab\lab-02\devops-stack\docker-compose.yml,E:\DevOps_Lab\DevOps_Lab\lab-02\devops-stack\diagnostics\oom.yml, com.docker.compose.project.working_dir=E:\DevOps_Lab\DevOps_Lab\lab-02\devops-stack, com.docker.compose.service=backend, com.docker.compose.version=2.40.3, desktop.docker.io/ports.scheme=v2, image=lab02-oom-backend, name=lab02-oom-backend-1)
2026-10-04T12:51:53.373039764+03:00 container exec_create: /bin/sh -c pg_isready -U notes -d notes db46b0f4c917c91ea9712da96e5b697563e288cd8d0deb4f1e7f097a9129724e (com.docker.compose.config-hash=c7e98ec8fa98a9ee3e0c585ba7e424da69fb8cce290f5ea46c574f449655b00d, com.docker.compose.container-number=1, com.docker.compose.depends_on=, com.docker.compose.image=sha256:721873c34ceb9f8d8fc265984940dc982404c105f19ad51be9fdc5970a6080ea, com.docker.compose.oneoff=False, com.docker.compose.project=lab02-oom, com.docker.compose.project.config_files=E:\DevOps_Lab\DevOps_Lab\lab-02\devops-stack\docker-compose.yml,E:\DevOps_Lab\DevOps_Lab\lab-02\devops-stack\diagnostics\oom.yml, com.docker.compose.project.working_dir=E:\DevOps_Lab\DevOps_Lab\lab-02\devops-stack, com.docker.compose.service=db, com.docker.compose.version=2.40.3, desktop.docker.io/ports.scheme=v2, execID=42518a8948baaebe84452622b9b755f281cf5bee4123eb5abbcadd8cb5430ea0, image=postgres:16-alpine, name=lab02-oom-db-1)
2026-10-04T12:51:53.373347819+03:00 container exec_start: /bin/sh -c pg_isready -U notes -d notes db46b0f4c917c91ea9712da96e5b697563e288cd8d0deb4f1e7f097a9129724e (com.docker.compose.config-hash=c7e98ec8fa98a9ee3e0c585ba7e424da69fb8cce290f5ea46c574f449655b00d, com.docker.compose.container-number=1, com.docker.compose.depends_on=, com.docker.compose.image=sha256:721873c34ceb9f8d8fc265984940dc982404c105f19ad51be9fdc5970a6080ea, com.docker.compose.oneoff=False, com.docker.compose.project=lab02-oom, com.docker.compose.project.config_files=E:\DevOps_Lab\DevOps_Lab\lab-02\devops-stack\docker-compose.yml,E:\DevOps_Lab\DevOps_Lab\lab-02\devops-stack\diagnostics\oom.yml, com.docker.compose.project.working_dir=E:\DevOps_Lab\DevOps_Lab\lab-02\devops-stack, com.docker.compose.service=db, com.docker.compose.version=2.40.3, desktop.docker.io/ports.scheme=v2, execID=42518a8948baaebe84452622b9b755f281cf5bee4123eb5abbcadd8cb5430ea0, image=postgres:16-alpine, name=lab02-oom-db-1)
2026-10-04T12:51:53.447664740+03:00 container exec_die db46b0f4c917c91ea9712da96e5b697563e288cd8d0deb4f1e7f097a9129724e (com.docker.compose.config-hash=c7e98ec8fa98a9ee3e0c585ba7e424da69fb8cce290f5ea46c574f449655b00d, com.docker.compose.container-number=1, com.docker.compose.depends_on=, com.docker.compose.image=sha256:721873c34ceb9f8d8fc265984940dc982404c105f19ad51be9fdc5970a6080ea, com.docker.compose.oneoff=False, com.docker.compose.project=lab02-oom, com.docker.compose.project.config_files=E:\DevOps_Lab\DevOps_Lab\lab-02\devops-stack\docker-compose.yml,E:\DevOps_Lab\DevOps_Lab\lab-02\devops-stack\diagnostics\oom.yml, com.docker.compose.project.working_dir=E:\DevOps_Lab\DevOps_Lab\lab-02\devops-stack, com.docker.compose.service=db, com.docker.compose.version=2.40.3, desktop.docker.io/ports.scheme=v2, execID=42518a8948baaebe84452622b9b755f281cf5bee4123eb5abbcadd8cb5430ea0, exitCode=0, image=postgres:16-alpine, name=lab02-oom-db-1)
2026-10-04T12:51:55.569970650+03:00 container die ba0328552355bb69bcc12e9337f3ce117f401dfec799125308da6ff2f04846b2 (com.docker.compose.config-hash=8acdc355cf762cf5454f2631beb0265fff098c97c79eaf7b26ddd96050f75304, com.docker.compose.container-number=1, com.docker.compose.depends_on=db:service_healthy:false, com.docker.compose.image=sha256:88f0f600168fa5f77251c2f7012eefed65476f7ca7ac01760ea0162c338c98d4, com.docker.compose.oneoff=False, com.docker.compose.project=lab02-oom, com.docker.compose.project.config_files=E:\DevOps_Lab\DevOps_Lab\lab-02\devops-stack\docker-compose.yml,E:\DevOps_Lab\DevOps_Lab\lab-02\devops-stack\diagnostics\oom.yml, com.docker.compose.project.working_dir=E:\DevOps_Lab\DevOps_Lab\lab-02\devops-stack, com.docker.compose.service=backend, com.docker.compose.version=2.40.3, desktop.docker.io/ports.scheme=v2, execDuration=9, exitCode=137, image=lab02-oom-backend, name=lab02-oom-backend-1)
2026-10-04T12:51:56.450721905+03:00 container exec_create: /bin/sh -c pg_isready -U notes -d notes db46b0f4c917c91ea9712da96e5b697563e288cd8d0deb4f1e7f097a9129724e (com.docker.compose.config-hash=c7e98ec8fa98a9ee3e0c585ba7e424da69fb8cce290f5ea46c574f449655b00d, com.docker.compose.container-number=1, com.docker.compose.depends_on=, com.docker.compose.image=sha256:721873c34ceb9f8d8fc265984940dc982404c105f19ad51be9fdc5970a6080ea, com.docker.compose.oneoff=False, com.docker.compose.project=lab02-oom, com.docker.compose.project.config_files=E:\DevOps_Lab\DevOps_Lab\lab-02\devops-stack\docker-compose.yml,E:\DevOps_Lab\DevOps_Lab\lab-02\devops-stack\diagnostics\oom.yml, com.docker.compose.project.working_dir=E:\DevOps_Lab\DevOps_Lab\lab-02\devops-stack, com.docker.compose.service=db, com.docker.compose.version=2.40.3, desktop.docker.io/ports.scheme=v2, execID=9e60f4ba5749cc666c0f2ae5c1e2a175cf68a9fab748cef2e073609c5268a661, image=postgres:16-alpine, name=lab02-oom-db-1)
2026-10-04T12:51:56.451032650+03:00 container exec_start: /bin/sh -c pg_isready -U notes -d notes db46b0f4c917c91ea9712da96e5b697563e288cd8d0deb4f1e7f097a9129724e (com.docker.compose.config-hash=c7e98ec8fa98a9ee3e0c585ba7e424da69fb8cce290f5ea46c574f449655b00d, com.docker.compose.container-number=1, com.docker.compose.depends_on=, com.docker.compose.image=sha256:721873c34ceb9f8d8fc265984940dc982404c105f19ad51be9fdc5970a6080ea, com.docker.compose.oneoff=False, com.docker.compose.project=lab02-oom, com.docker.compose.project.config_files=E:\DevOps_Lab\DevOps_Lab\lab-02\devops-stack\docker-compose.yml,E:\DevOps_Lab\DevOps_Lab\lab-02\devops-stack\diagnostics\oom.yml, com.docker.compose.project.working_dir=E:\DevOps_Lab\DevOps_Lab\lab-02\devops-stack, com.docker.compose.service=db, com.docker.compose.version=2.40.3, desktop.docker.io/ports.scheme=v2, execID=9e60f4ba5749cc666c0f2ae5c1e2a175cf68a9fab748cef2e073609c5268a661, image=postgres:16-alpine, name=lab02-oom-db-1)
2026-10-04T12:51:56.533495598+03:00 container exec_die db46b0f4c917c91ea9712da96e5b697563e288cd8d0deb4f1e7f097a9129724e (com.docker.compose.config-hash=c7e98ec8fa98a9ee3e0c585ba7e424da69fb8cce290f5ea46c574f449655b00d, com.docker.compose.container-number=1, com.docker.compose.depends_on=, com.docker.compose.image=sha256:721873c34ceb9f8d8fc265984940dc982404c105f19ad51be9fdc5970a6080ea, com.docker.compose.oneoff=False, com.docker.compose.project=lab02-oom, com.docker.compose.project.config_files=E:\DevOps_Lab\DevOps_Lab\lab-02\devops-stack\docker-compose.yml,E:\DevOps_Lab\DevOps_Lab\lab-02\devops-stack\diagnostics\oom.yml, com.docker.compose.project.working_dir=E:\DevOps_Lab\DevOps_Lab\lab-02\devops-stack, com.docker.compose.service=db, com.docker.compose.version=2.40.3, desktop.docker.io/ports.scheme=v2, execID=9e60f4ba5749cc666c0f2ae5c1e2a175cf68a9fab748cef2e073609c5268a661, exitCode=0, image=postgres:16-alpine, name=lab02-oom-db-1)
PASS: 64 MiB cgroup limit; OOMKilled=true and exit 137
 Container lab02-oom-backend-1  Stopping
 Container lab02-oom-backend-1  Stopped
 Container lab02-oom-backend-1  Removing
 Container lab02-oom-backend-1  Removed
 Container lab02-oom-db-1  Stopping
 Container lab02-oom-db-1  Stopped
 Container lab02-oom-db-1  Removing
 Container lab02-oom-db-1  Removed
 Network lab02-oom_default  Removing
 Network lab02-oom_default  Removed
