#1 [internal] load local bake definitions
#1 reading from stdin 1.84kB 0.2s done
#1 DONE 0.2s

#2 [frontend internal] load build definition from Dockerfile
#2 transferring dockerfile: 750B 0.0s done
#2 DONE 0.1s

#3 [nginx internal] load build definition from Dockerfile
#3 transferring dockerfile: 1.16kB 0.0s done
#3 DONE 0.1s

#4 [frontend] resolve image config for docker-image://docker.io/docker/dockerfile:1
#4 ...

#5 [backend internal] load build definition from Dockerfile
#5 transferring dockerfile: 1.08kB 0.0s done
#5 DONE 0.1s

#4 [backend] resolve image config for docker-image://docker.io/docker/dockerfile:1
#4 DONE 1.2s

#6 [frontend] docker-image://docker.io/docker/dockerfile:1@sha256:4edf897a3ffa55b89f906fc8cc78afdb3f1834cc9c7083565e611a8a7d5fe99e
#6 resolve docker.io/docker/dockerfile:1@sha256:4edf897a3ffa55b89f906fc8cc78afdb3f1834cc9c7083565e611a8a7d5fe99e 0.0s done
#6 CACHED

#7 [backend internal] load metadata for docker.io/library/alpine:3.22
#7 DONE 0.7s

#8 [frontend internal] load metadata for docker.io/library/node:22-alpine
#8 DONE 0.7s

#9 [nginx internal] load metadata for docker.io/library/nginx:1.28-alpine
#9 DONE 0.7s

#10 [backend internal] load metadata for docker.io/library/golang:1.25-alpine
#10 DONE 0.8s

#11 [frontend internal] load .dockerignore
#11 transferring context: 32B
#11 transferring context: 86B 0.0s done
#11 DONE 0.1s

#12 [nginx internal] load .dockerignore
#12 transferring context: 56B 0.0s done
#12 DONE 0.0s

#13 [backend internal] load .dockerignore
#13 transferring context: 92B 0.0s done
#13 DONE 0.1s

#14 [nginx internal] load build context
#14 DONE 0.0s

#15 [frontend internal] load build context
#15 DONE 0.0s

#16 [backend internal] load build context
#16 transferring context: 658B 0.0s done
#16 DONE 0.0s

#17 [frontend runtime 1/6] FROM docker.io/library/nginx:1.28-alpine@sha256:a8b39bd9cf0f83869a2162827a0caf6137ddf759d50a171451b335cecc87d236
#17 resolve docker.io/library/nginx:1.28-alpine@sha256:a8b39bd9cf0f83869a2162827a0caf6137ddf759d50a171451b335cecc87d236 0.1s done
#17 resolve docker.io/library/nginx:1.28-alpine@sha256:a8b39bd9cf0f83869a2162827a0caf6137ddf759d50a171451b335cecc87d236 0.1s done
#17 DONE 0.1s

#18 [nginx openssl-builder 1/4] FROM docker.io/library/alpine:3.22@sha256:5291449c3df73caf6ed85e649dec1b9e818b39a5d8c871e97afc13e9cd5e8fa8
#18 resolve docker.io/library/alpine:3.22@sha256:5291449c3df73caf6ed85e649dec1b9e818b39a5d8c871e97afc13e9cd5e8fa8 0.1s done
#18 DONE 0.2s

#19 [frontend builder 1/6] FROM docker.io/library/node:22-alpine@sha256:0a7108bf6c7bf5de370ffb1a3ed6be93d405b43ff159f681a8d18c0e2bc2e402
#19 resolve docker.io/library/node:22-alpine@sha256:0a7108bf6c7bf5de370ffb1a3ed6be93d405b43ff159f681a8d18c0e2bc2e402 0.1s done
#19 DONE 0.2s

#15 [frontend internal] load build context
#15 transferring context: 315B 0.0s done
#15 DONE 0.1s

#20 [backend builder 1/6] FROM docker.io/library/golang:1.25-alpine@sha256:1ae0735f00daffa3aaf1363a5184c0d2dc55c78e3db4ec70241cdac97bf84b59
#20 resolve docker.io/library/golang:1.25-alpine@sha256:1ae0735f00daffa3aaf1363a5184c0d2dc55c78e3db4ec70241cdac97bf84b59 0.1s done
#20 DONE 0.2s

#14 [nginx internal] load build context
#14 transferring context: 1.97kB 0.1s done
#14 DONE 0.1s

#21 [frontend runtime 2/6] RUN rm /etc/nginx/conf.d/default.conf
#21 CACHED

#22 [nginx openssl-builder 4/4] WORKDIR /work
#22 CACHED

#23 [nginx openssl-builder 3/4] COPY --chmod=755 generate-cert.sh /work/generate-cert.sh
#23 CACHED

#24 [nginx openssl-builder 2/4] RUN apk add --no-cache openssl
#24 CACHED

#25 [nginx cert-builder 1/1] RUN --mount=type=secret,id=cert_key,required=true     --mount=type=secret,id=cert_crt,required=true     mkdir -p /certs && cp /run/secrets/cert_key /certs/server.key     && openssl x509 -in /run/secrets/cert_crt -out /certs/server.crt     && chmod 600 /certs/server.key
#25 CACHED

#26 [backend builder 4/6] RUN --mount=type=cache,target=/go/pkg/mod go mod download
#26 CACHED

#27 [backend builder 5/6] COPY . .
#27 CACHED

#28 [backend runtime 3/5] WORKDIR /app
#28 CACHED

#29 [backend runtime 4/5] COPY --from=builder /out/notes /app/notes
#29 CACHED

#30 [backend runtime 2/5] RUN adduser -D -H -u 10001 app
#30 CACHED

#31 [backend builder 3/6] COPY go.mod go.sum ./
#31 CACHED

#32 [backend builder 2/6] WORKDIR /src
#32 CACHED

#33 [backend builder 6/6] RUN --mount=type=cache,target=/go/pkg/mod --mount=type=cache,target=/root/.cache/go-build     CGO_ENABLED=0 GOOS=linux go build -trimpath -ldflags="-s -w" -o /out/notes .
#33 CACHED

#34 [backend runtime 5/5] COPY --chmod=755 healthcheck.sh /app/healthcheck.sh
#34 CACHED

#35 [frontend builder 3/6] COPY package*.json ./
#35 CACHED

#36 [frontend runtime 3/4] COPY nginx.conf /etc/nginx/nginx.conf
#36 CACHED

#37 [frontend builder 4/6] RUN --mount=type=cache,target=/root/.npm npm ci
#37 CACHED

#38 [frontend builder 5/6] COPY . .
#38 CACHED

#39 [frontend builder 2/6] WORKDIR /src
#39 CACHED

#40 [frontend builder 6/6] RUN --mount=type=secret,id=release     if [ -f /run/secrets/release ]; then export VITE_RELEASE="$(cat /run/secrets/release)"; fi; npm run build
#40 CACHED

#41 [frontend runtime 4/4] COPY --from=builder /src/dist /usr/share/nginx/html
#41 CACHED

#42 [backend] exporting to image
#42 exporting layers done
#42 exporting manifest sha256:4bd7e0ecd3d63949f66513bcfdfe071688cba9b7cc54fdaf1cac6ee5cd371e50 0.1s done
#42 exporting config sha256:5a813f44d3127947e6750354ce3ce6436b0a28f9de1bcf6dd9a4dc5e855147ab 0.0s done
#42 exporting attestation manifest sha256:25886e3e24b400f67f1ce2b7cac0ba9b8f1b478ce70a9a6dd05247987cdd7444
#42 ...

#43 [nginx runtime 3/6] COPY nginx.conf /etc/nginx/nginx.conf
#43 DONE 0.2s

#42 [backend] exporting to image
#42 exporting attestation manifest sha256:25886e3e24b400f67f1ce2b7cac0ba9b8f1b478ce70a9a6dd05247987cdd7444 0.1s done
#42 exporting manifest list sha256:bb23c4b8f2bee21e0e1441c0db934442ff4cb78f223171bd822aadafa4f95ffb 0.0s done
#42 naming to docker.io/library/devops-lab02-backend:latest
#42 naming to docker.io/library/devops-lab02-backend:latest done
#42 unpacking to docker.io/library/devops-lab02-backend:latest 0.0s done
#42 DONE 0.4s

#44 [nginx runtime 4/6] COPY conf.d/default.conf /etc/nginx/conf.d/default.conf
#44 DONE 0.2s

#45 [nginx runtime 5/6] COPY --chmod=755 start.sh /app/start.sh
#45 DONE 0.2s

#46 [frontend] exporting to image
#46 exporting layers 0.0s done
#46 exporting manifest sha256:b0903512e434aef94efb4b45487172fd76d2f27ba5dcb1fc5517bc4f3f8d677a 0.0s done
#46 exporting config sha256:8cc51632697e01e5d8e6d281ed8e9e67a4b8f8ff1fd52c57250d011cf3722756 0.0s done
#46 exporting attestation manifest sha256:9c601f48054ae70025deab3d0ffb67b011f2971e50c7343737119c73f0695fc7 0.1s done
#46 exporting manifest list sha256:b35dc53a1a96105fced402fcd2f9ab725378f3b79d3ca230f4cbac83438d6736 0.0s done
#46 naming to docker.io/library/devops-lab02-frontend:latest done
#46 unpacking to docker.io/library/devops-lab02-frontend:latest 0.0s done
#46 DONE 0.4s

#47 [nginx runtime 6/6] COPY --from=cert-builder --chown=nginx:nginx /certs/ /etc/nginx/ssl/
#47 DONE 0.2s

#48 [nginx] exporting to image
#48 exporting layers 0.4s done
#48 exporting manifest sha256:04a5a6bdc915ac87e78c8ed99751e5b22d694364f24f1f0b3b552e0411017ae1 0.1s done
#48 exporting config sha256:c72e791b5b5b1b5abbf93d89bca03188edeb92a79e722036ae25974bd11b7973 0.1s done
#48 exporting attestation manifest sha256:3717c7f0befc18c7ec2fad6f69db73fb5097227081c019a20aad8ce3fefe784e
#48 ...

#49 [frontend] resolving provenance for metadata file
#49 DONE 0.1s

#50 [backend] resolving provenance for metadata file
#50 DONE 0.0s

#48 [nginx] exporting to image
#48 exporting attestation manifest sha256:3717c7f0befc18c7ec2fad6f69db73fb5097227081c019a20aad8ce3fefe784e 0.1s done
#48 exporting manifest list sha256:835c9951c700b2ad994834ec05a083d4f69ada1782398bf944a25c479cda2624 0.0s done
#48 naming to docker.io/library/devops-lab02-nginx:latest done
#48 unpacking to docker.io/library/devops-lab02-nginx:latest
#48 unpacking to docker.io/library/devops-lab02-nginx:latest 0.2s done
#48 DONE 0.9s

#51 [nginx] resolving provenance for metadata file
#51 DONE 0.0s
 devops-lab02-backend  Built
 devops-lab02-frontend  Built
 devops-lab02-nginx  Built
 Container devops-lab02-db-1  Running
 Container devops-lab02-backend-1  Recreate
 Container devops-lab02-frontend-1  Recreate
 Container devops-lab02-backend-1  Recreated
 Container devops-lab02-frontend-1  Recreated
 Container devops-lab02-nginx-1  Recreate
 Container devops-lab02-nginx-1  Recreated
 Container devops-lab02-frontend-1  Starting
 Container devops-lab02-db-1  Waiting
 Container devops-lab02-frontend-1  Started
 Container devops-lab02-db-1  Healthy
 Container devops-lab02-backend-1  Starting
 Container devops-lab02-backend-1  Started
 Container devops-lab02-backend-1  Waiting
 Container devops-lab02-frontend-1  Waiting
 Container devops-lab02-frontend-1  Healthy
 Container devops-lab02-backend-1  Healthy
 Container devops-lab02-nginx-1  Starting
 Container devops-lab02-nginx-1  Started
 Container devops-lab02-backend-1  Waiting
 Container devops-lab02-frontend-1  Waiting
 Container devops-lab02-nginx-1  Waiting
 Container devops-lab02-db-1  Waiting
 Container devops-lab02-frontend-1  Healthy
 Container devops-lab02-backend-1  Healthy
 Container devops-lab02-db-1  Healthy
 Container devops-lab02-nginx-1  Healthy
