#0 building with "desktop-linux" instance using docker driver

#1 [internal] load build definition from Dockerfile
#1 transferring dockerfile: 750B 0.0s done
#1 DONE 0.0s

#2 resolve image config for docker-image://docker.io/docker/dockerfile:1
#2 DONE 0.7s

#3 docker-image://docker.io/docker/dockerfile:1@sha256:4edf897a3ffa55b89f906fc8cc78afdb3f1834cc9c7083565e611a8a7d5fe99e
#3 resolve docker.io/docker/dockerfile:1@sha256:4edf897a3ffa55b89f906fc8cc78afdb3f1834cc9c7083565e611a8a7d5fe99e 0.0s done
#3 CACHED

#4 [internal] load metadata for docker.io/library/node:22-alpine
#4 DONE 0.5s

#5 [internal] load metadata for docker.io/library/nginx:1.28-alpine
#5 DONE 0.5s

#6 [internal] load .dockerignore
#6 transferring context: 86B 0.0s done
#6 DONE 0.0s

#7 [internal] load build context
#7 DONE 0.0s

#8 [builder 1/6] FROM docker.io/library/node:22-alpine@sha256:0a7108bf6c7bf5de370ffb1a3ed6be93d405b43ff159f681a8d18c0e2bc2e402
#8 resolve docker.io/library/node:22-alpine@sha256:0a7108bf6c7bf5de370ffb1a3ed6be93d405b43ff159f681a8d18c0e2bc2e402
#8 resolve docker.io/library/node:22-alpine@sha256:0a7108bf6c7bf5de370ffb1a3ed6be93d405b43ff159f681a8d18c0e2bc2e402 0.0s done
#8 DONE 0.1s

#9 [runtime 1/4] FROM docker.io/library/nginx:1.28-alpine@sha256:a8b39bd9cf0f83869a2162827a0caf6137ddf759d50a171451b335cecc87d236
#9 resolve docker.io/library/nginx:1.28-alpine@sha256:a8b39bd9cf0f83869a2162827a0caf6137ddf759d50a171451b335cecc87d236 0.0s done
#9 DONE 0.1s

#10 [builder 2/6] WORKDIR /src
#10 CACHED

#7 [internal] load build context
#7 transferring context: 315B 0.0s done
#7 DONE 0.0s

#11 [builder 3/6] COPY package*.json ./
#11 DONE 0.1s

#12 [builder 4/6] RUN --mount=type=cache,target=/root/.npm npm ci
#12 3.077 
#12 3.077 added 15 packages, and audited 16 packages in 3s
#12 3.077 
#12 3.077 5 packages are looking for funding
#12 3.077   run `npm fund` for details
#12 3.079 
#12 3.079 found 0 vulnerabilities
#12 3.080 npm notice
#12 3.080 npm notice New major version of npm available! 10.9.9 -> 12.2.0
#12 3.080 npm notice Changelog: https://github.com/npm/cli/releases/tag/v12.2.0
#12 3.080 npm notice To update run: npm install -g npm@12.2.0
#12 3.080 npm notice
#12 DONE 3.4s

#13 [builder 5/6] COPY . .
#13 DONE 0.1s

#14 [builder 6/6] RUN --mount=type=secret,id=release     if [ -f /run/secrets/release ]; then export VITE_RELEASE="$(cat /run/secrets/release)"; fi; npm run build
#14 1.104 
#14 1.104 > notes-web@1.0.0 build
#14 1.104 > vite build
#14 1.104 
#14 1.615 vite v6.4.3 building for production...
#14 1.744 transforming...
#14 1.812 ✓ 4 modules transformed.
#14 1.848 rendering chunks...
#14 1.864 computing gzip size...
#14 1.874 dist/index.html                 1.81 kB │ gzip: 0.97 kB
#14 1.874 dist/assets/index-BnB0BUtx.css  2.75 kB │ gzip: 1.13 kB
#14 1.874 dist/assets/index-BfB6NoLh.js   2.84 kB │ gzip: 1.39 kB
#14 1.876 ✓ built in 203ms
#14 1.904 npm notice
#14 1.904 npm notice New major version of npm available! 10.9.9 -> 12.2.0
#14 1.904 npm notice Changelog: https://github.com/npm/cli/releases/tag/v12.2.0
#14 1.904 npm notice To update run: npm install -g npm@12.2.0
#14 1.904 npm notice
#14 DONE 2.0s

#15 [runtime 2/4] RUN rm /etc/nginx/conf.d/default.conf
#15 CACHED

#16 [runtime 3/4] COPY nginx.conf /etc/nginx/nginx.conf
#16 CACHED

#17 [runtime 4/4] COPY --from=builder /src/dist /usr/share/nginx/html
#17 DONE 0.1s

#18 exporting to image
#18 exporting layers 0.1s done
#18 exporting manifest sha256:a04cb3613aaf925eb00cac4ab7df01c5f12d54a3566d5addf0eb967a8ed19749 0.0s done
#18 exporting config sha256:7042aa9924955ac1a0f1c7bf49465a9d05828d4fb13f2e0c3779f3a8d25e79e8 0.0s done
#18 exporting attestation manifest sha256:75a1c857b682bd2935b77862ea9351ffc45080f996dcaadce6d2099c25f8c98f 0.0s done
#18 exporting manifest list sha256:9b5e5ebca8d183ff920e5cb411ee7d5bac2c550c0a34ae1e497ef182161f6d5b
#18 exporting manifest list sha256:9b5e5ebca8d183ff920e5cb411ee7d5bac2c550c0a34ae1e497ef182161f6d5b 0.0s done
#18 naming to docker.io/library/devops-lab02-web-release:latest done
#18 unpacking to docker.io/library/devops-lab02-web-release:latest 0.1s done
#18 DONE 0.4s
PASS: release metadata in bundle; source secret absent from runtime
