#1 [internal] load local bake definitions
#1 reading from stdin 1.84kB 0.1s done
#1 DONE 0.1s

#2 [nginx internal] load build definition from Dockerfile
#2 transferring dockerfile: 1.16kB done
#2 DONE 0.0s

#3 [frontend internal] load build definition from Dockerfile
#3 transferring dockerfile: 778B 0.0s done
#3 DONE 0.1s

#4 [backend internal] load build definition from Dockerfile
#4 transferring dockerfile: 1.08kB 0.0s done
#4 DONE 0.1s

#5 [frontend] resolve image config for docker-image://docker.io/docker/dockerfile:1
#5 DONE 0.8s

#6 [frontend] docker-image://docker.io/docker/dockerfile:1@sha256:4edf897a3ffa55b89f906fc8cc78afdb3f1834cc9c7083565e611a8a7d5fe99e
#6 resolve docker.io/docker/dockerfile:1@sha256:4edf897a3ffa55b89f906fc8cc78afdb3f1834cc9c7083565e611a8a7d5fe99e 0.0s done
#6 CACHED

#7 [nginx internal] load metadata for docker.io/library/nginx:1.28-alpine
#7 DONE 0.5s

#8 [nginx internal] load metadata for docker.io/library/alpine:3.22
#8 DONE 0.5s

#9 [nginx internal] load .dockerignore
#9 transferring context: 56B done
#9 DONE 0.0s

#10 [frontend internal] load metadata for docker.io/library/node:22-alpine
#10 DONE 0.5s

#11 [backend internal] load metadata for docker.io/library/golang:1.25-alpine
#11 DONE 0.5s

#12 [frontend internal] load .dockerignore
#12 transferring context: 86B done
#12 DONE 0.0s

#13 [backend internal] load .dockerignore
#13 transferring context: 92B 0.0s done
#13 DONE 0.0s

#14 [nginx internal] load build context
#14 DONE 0.0s

#15 [frontend internal] load build context
#15 DONE 0.0s

#16 [backend internal] load build context
#16 transferring context: 508B 0.0s done
#16 DONE 0.0s

#17 [nginx runtime 1/6] FROM docker.io/library/nginx:1.28-alpine@sha256:a8b39bd9cf0f83869a2162827a0caf6137ddf759d50a171451b335cecc87d236
#17 resolve docker.io/library/nginx:1.28-alpine@sha256:a8b39bd9cf0f83869a2162827a0caf6137ddf759d50a171451b335cecc87d236 0.1s done
#17 resolve docker.io/library/nginx:1.28-alpine@sha256:a8b39bd9cf0f83869a2162827a0caf6137ddf759d50a171451b335cecc87d236 0.1s done
#17 DONE 0.1s

#18 [nginx openssl-builder 1/4] FROM docker.io/library/alpine:3.22@sha256:5291449c3df73caf6ed85e649dec1b9e818b39a5d8c871e97afc13e9cd5e8fa8
#18 resolve docker.io/library/alpine:3.22@sha256:5291449c3df73caf6ed85e649dec1b9e818b39a5d8c871e97afc13e9cd5e8fa8 0.1s done
#18 DONE 0.1s

#14 [nginx internal] load build context
#14 transferring context: 161B 0.0s done
#14 DONE 0.0s

#19 [frontend builder 1/6] FROM docker.io/library/node:22-alpine@sha256:0a7108bf6c7bf5de370ffb1a3ed6be93d405b43ff159f681a8d18c0e2bc2e402
#19 resolve docker.io/library/node:22-alpine@sha256:0a7108bf6c7bf5de370ffb1a3ed6be93d405b43ff159f681a8d18c0e2bc2e402 0.1s done
#19 DONE 0.1s

#15 [frontend internal] load build context
#15 transferring context: 1.06kB 0.0s done
#15 DONE 0.0s

#20 [backend builder 1/6] FROM docker.io/library/golang:1.25-alpine@sha256:1ae0735f00daffa3aaf1363a5184c0d2dc55c78e3db4ec70241cdac97bf84b59
#20 resolve docker.io/library/golang:1.25-alpine@sha256:1ae0735f00daffa3aaf1363a5184c0d2dc55c78e3db4ec70241cdac97bf84b59 0.1s done
#20 DONE 0.1s

#21 [nginx runtime 5/6] COPY --chmod=755 start.sh /app/start.sh
#21 CACHED

#22 [nginx openssl-builder 3/4] COPY --chmod=755 generate-cert.sh /work/generate-cert.sh
#22 CACHED

#23 [nginx runtime 4/6] COPY conf.d/default.conf /etc/nginx/conf.d/default.conf
#23 CACHED

#24 [nginx runtime 2/6] RUN rm /etc/nginx/conf.d/default.conf
#24 CACHED

#25 [nginx openssl-builder 2/4] RUN apk add --no-cache openssl
#25 CACHED

#26 [nginx cert-builder 1/1] RUN --mount=type=secret,id=cert_key,required=true     --mount=type=secret,id=cert_crt,required=true     mkdir -p /certs && cp /run/secrets/cert_key /certs/server.key     && openssl x509 -in /run/secrets/cert_crt -out /certs/server.crt     && chmod 600 /certs/server.key
#26 CACHED

#27 [nginx openssl-builder 4/4] WORKDIR /work
#27 CACHED

#28 [nginx runtime 3/6] COPY nginx.conf /etc/nginx/nginx.conf
#28 CACHED

#29 [nginx runtime 6/6] COPY --from=cert-builder --chown=nginx:nginx /certs/ /etc/nginx/ssl/
#29 CACHED

#30 [nginx] exporting to image
#30 exporting layers 0.0s done
#30 exporting manifest sha256:04a5a6bdc915ac87e78c8ed99751e5b22d694364f24f1f0b3b552e0411017ae1 done
#30 exporting config sha256:c72e791b5b5b1b5abbf93d89bca03188edeb92a79e722036ae25974bd11b7973 done
#30 ...

#31 [frontend builder 3/6] COPY package*.json ./
#31 CACHED

#32 [frontend builder 2/6] WORKDIR /src
#32 CACHED

#33 [backend builder 3/6] COPY go.mod go.sum ./
#33 CACHED

#34 [backend builder 5/6] COPY . .
#34 CACHED

#35 [backend builder 6/6] RUN --mount=type=cache,target=/go/pkg/mod --mount=type=cache,target=/root/.cache/go-build     CGO_ENABLED=0 GOOS=linux go build -trimpath -ldflags="-s -w" -o /out/notes .
#35 CACHED

#36 [backend runtime 4/5] COPY --from=builder /out/notes /app/notes
#36 CACHED

#37 [backend builder 4/6] RUN --mount=type=cache,target=/go/pkg/mod go mod download
#37 CACHED

#38 [backend runtime 2/5] RUN adduser -D -H -u 10001 app
#38 CACHED

#39 [backend runtime 3/5] WORKDIR /app
#39 CACHED

#40 [backend builder 2/6] WORKDIR /src
#40 CACHED

#41 [backend runtime 5/5] COPY --chmod=755 healthcheck.sh /app/healthcheck.sh
#41 CACHED

#42 [frontend builder 4/6] RUN --mount=type=cache,target=/root/.npm npm ci
#42 CACHED

#43 [frontend builder 5/6] COPY . .
#43 DONE 0.1s

#30 [nginx] exporting to image
#30 exporting attestation manifest sha256:d3cc159be9da3a895b1f452b2b0a59aa4a04bd29611cca50bed4d214e59835a8 0.0s done
#30 exporting manifest list sha256:b4043676b757fa72b10a012e284e9be735e3601489cb78433a06b6ca4d1705f4
#30 exporting manifest list sha256:b4043676b757fa72b10a012e284e9be735e3601489cb78433a06b6ca4d1705f4 0.0s done
#30 naming to docker.io/library/devops-lab02-nginx:latest 0.0s done
#30 unpacking to docker.io/library/devops-lab02-nginx:latest 0.0s done
#30 DONE 0.3s

#44 [backend] exporting to image
#44 exporting layers done
#44 exporting manifest sha256:4bd7e0ecd3d63949f66513bcfdfe071688cba9b7cc54fdaf1cac6ee5cd371e50 done
#44 exporting config sha256:5a813f44d3127947e6750354ce3ce6436b0a28f9de1bcf6dd9a4dc5e855147ab 0.0s done
#44 exporting attestation manifest sha256:b3203f896ba60ceccb5acfbb44dd8840931e5cfaca0b45b79b7a08d16d254e14 0.1s done
#44 exporting manifest list sha256:85108e9a7ad3a9c883809cf051d0b531ba89cf5b4258995c60d498086a9ff370 0.0s done
#44 naming to docker.io/library/devops-lab02-backend:latest done
#44 unpacking to docker.io/library/devops-lab02-backend:latest 0.0s done
#44 DONE 0.3s

#45 [frontend builder 6/6] RUN --mount=type=secret,id=release     if [ -f /run/secrets/release ]; then export VITE_RELEASE="$(cat /run/secrets/release)"; fi; npm run build
#45 ...

#46 [nginx] resolving provenance for metadata file
#46 DONE 0.0s

#47 [backend] resolving provenance for metadata file
#47 DONE 0.0s

#45 [frontend builder 6/6] RUN --mount=type=secret,id=release     if [ -f /run/secrets/release ]; then export VITE_RELEASE="$(cat /run/secrets/release)"; fi; npm run build
#45 1.130 
#45 1.130 > notes-web@1.0.0 build
#45 1.130 > vite build
#45 1.130 
#45 1.745 vite v6.4.3 building for production...
#45 1.892 transforming...
#45 1.954 ✓ 4 modules transformed.
#45 1.993 rendering chunks...
#45 2.006 computing gzip size...
#45 2.017 dist/index.html                 1.81 kB │ gzip: 0.97 kB
#45 2.017 dist/assets/index-BnB0BUtx.css  2.75 kB │ gzip: 1.13 kB
#45 2.017 dist/assets/index-BA9riUY-.js   2.84 kB │ gzip: 1.39 kB
#45 2.018 ✓ built in 205ms
#45 2.048 npm notice
#45 2.048 npm notice New major version of npm available! 10.9.9 -> 12.2.0
#45 2.048 npm notice Changelog: https://github.com/npm/cli/releases/tag/v12.2.0
#45 2.048 npm notice To update run: npm install -g npm@12.2.0
#45 2.048 npm notice
#45 DONE 2.2s

#48 [frontend runtime 3/4] COPY nginx.conf /etc/nginx/nginx.conf
#48 CACHED

#24 [frontend runtime 2/6] RUN rm /etc/nginx/conf.d/default.conf
#24 CACHED

#49 [frontend runtime 4/4] COPY --from=builder /src/dist /usr/share/nginx/html
#49 CACHED

#50 [frontend] exporting to image
#50 exporting layers done
#50 exporting manifest sha256:94988250e95aa6df1463b699bce3ae9b47da8556c46198b0cbdbf5daaae8a653 0.0s done
#50 exporting config sha256:7d911d9b5917bd88701c16ceb0290e31a55b22d9e63ac4b003ce944f258f6d95 0.0s done
#50 exporting attestation manifest sha256:9117d974cab79bbbf8a9a8cd93a58a60e08e84f4e94630298b63e9d3fcd02fa9 0.0s done
#50 exporting manifest list sha256:8f52c9a210031fb440d105275f0911d62cc5202ec3903397e210c18690b7013a
#50 exporting manifest list sha256:8f52c9a210031fb440d105275f0911d62cc5202ec3903397e210c18690b7013a 0.0s done
#50 naming to docker.io/library/devops-lab02-frontend:latest done
#50 unpacking to docker.io/library/devops-lab02-frontend:latest 0.0s done
#50 DONE 0.2s

#51 [frontend] resolving provenance for metadata file
#51 DONE 0.0s
 devops-lab02-backend  Built
 devops-lab02-frontend  Built
 devops-lab02-nginx  Built
 Container devops-lab02-db-1  Running
 Container devops-lab02-backend-1  Recreate
 Container devops-lab02-frontend-1  Recreate
 Container devops-lab02-backend-1  Recreated
 Container devops-lab02-frontend-1  Recreated
 Container devops-lab02-nginx-1  Recreate
 Container devops-lab02-nginx-1  Recreated
 Container devops-lab02-frontend-1  Starting
 Container devops-lab02-db-1  Waiting
 Container devops-lab02-frontend-1  Started
 Container devops-lab02-db-1  Healthy
 Container devops-lab02-backend-1  Starting
 Container devops-lab02-backend-1  Started
 Container devops-lab02-backend-1  Waiting
 Container devops-lab02-frontend-1  Waiting
 Container devops-lab02-frontend-1  Healthy
 Container devops-lab02-backend-1  Healthy
 Container devops-lab02-nginx-1  Starting
 Container devops-lab02-nginx-1  Started
 Container devops-lab02-db-1  Waiting
 Container devops-lab02-backend-1  Waiting
 Container devops-lab02-frontend-1  Waiting
 Container devops-lab02-nginx-1  Waiting
 Container devops-lab02-frontend-1  Healthy
 Container devops-lab02-backend-1  Healthy
 Container devops-lab02-db-1  Healthy
 Container devops-lab02-nginx-1  Healthy
NAME                      IMAGE                   COMMAND                  SERVICE    CREATED          STATUS                    PORTS
devops-lab02-backend-1    devops-lab02-backend    "/app/notes"             backend    15 seconds ago   Up 12 seconds (healthy)   8000/tcp
devops-lab02-db-1         postgres:16-alpine      "docker-entrypoint.s…"   db         8 minutes ago    Up 8 minutes (healthy)    5432/tcp
devops-lab02-frontend-1   devops-lab02-frontend   "/docker-entrypoint.…"   frontend   15 seconds ago   Up 12 seconds (healthy)   80/tcp, 8080/tcp
devops-lab02-nginx-1      devops-lab02-nginx      "/app/start.sh"          nginx      14 seconds ago   Up 6 seconds (healthy)    127.0.0.1:8443->8443/tcp, 127.0.0.1:8088->8080/tcp
{"db":true,"status":"ok"}
