#1 [internal] load local bake definitions
#1 reading from stdin 612B 0.1s done
#1 DONE 0.1s

#2 [internal] load build definition from Dockerfile
#2 transferring dockerfile: 850B 0.0s done
#2 DONE 0.0s

#3 resolve image config for docker-image://docker.io/docker/dockerfile:1
#3 DONE 1.2s

#4 docker-image://docker.io/docker/dockerfile:1@sha256:4edf897a3ffa55b89f906fc8cc78afdb3f1834cc9c7083565e611a8a7d5fe99e
#4 resolve docker.io/docker/dockerfile:1@sha256:4edf897a3ffa55b89f906fc8cc78afdb3f1834cc9c7083565e611a8a7d5fe99e 0.1s done
#4 DONE 0.1s

#4 docker-image://docker.io/docker/dockerfile:1@sha256:4edf897a3ffa55b89f906fc8cc78afdb3f1834cc9c7083565e611a8a7d5fe99e
#4 CACHED

#5 [internal] load metadata for docker.io/library/node:22-alpine
#5 ...

#6 [internal] load metadata for docker.io/library/nginx:1.28-alpine
#6 DONE 0.7s

#5 [internal] load metadata for docker.io/library/node:22-alpine
#5 DONE 0.7s

#7 [internal] load .dockerignore
#7 transferring context: 86B 0.0s done
#7 DONE 0.0s

#8 [builder 1/6] FROM docker.io/library/node:22-alpine@sha256:0a7108bf6c7bf5de370ffb1a3ed6be93d405b43ff159f681a8d18c0e2bc2e402
#8 resolve docker.io/library/node:22-alpine@sha256:0a7108bf6c7bf5de370ffb1a3ed6be93d405b43ff159f681a8d18c0e2bc2e402 0.0s done
#8 DONE 0.1s

#9 [runtime 1/4] FROM docker.io/library/nginx:1.28-alpine@sha256:a8b39bd9cf0f83869a2162827a0caf6137ddf759d50a171451b335cecc87d236
#9 resolve docker.io/library/nginx:1.28-alpine@sha256:a8b39bd9cf0f83869a2162827a0caf6137ddf759d50a171451b335cecc87d236 0.1s done
#9 CACHED

#10 [builder 2/6] WORKDIR /src
#10 CACHED

#11 [internal] load build context
#11 transferring context: 1.14kB 0.0s done
#11 DONE 0.0s

#12 [builder 3/6] COPY package*.json ./
#12 DONE 0.1s

#13 [builder 4/6] RUN --mount=type=cache,target=/root/.npm npm ci
#13 ...

#14 [runtime 2/4] RUN rm /etc/nginx/conf.d/default.conf
#14 DONE 0.4s

#15 [runtime 3/4] COPY nginx.conf /etc/nginx/nginx.conf
#15 DONE 0.1s

#13 [builder 4/6] RUN --mount=type=cache,target=/root/.npm npm ci
#13 3.422 
#13 3.422 added 15 packages, and audited 16 packages in 3s
#13 3.422 
#13 3.422 5 packages are looking for funding
#13 3.423   run `npm fund` for details
#13 3.425 
#13 3.425 found 0 vulnerabilities
#13 3.426 npm notice
#13 3.426 npm notice New major version of npm available! 10.9.9 -> 12.2.0
#13 3.426 npm notice Changelog: https://github.com/npm/cli/releases/tag/v12.2.0
#13 3.426 npm notice To update run: npm install -g npm@12.2.0
#13 3.426 npm notice
#13 DONE 3.8s

#16 [builder 5/6] COPY . .
#16 DONE 0.1s

#17 [builder 6/6] RUN --mount=type=secret,id=release     set -eu; test -n "local"; export VITE_RELEASE=local;     if [ -f /run/secrets/release ]; then export VITE_RELEASE="$(cat /run/secrets/release)"; fi; npm run build
#17 0.942 
#17 0.942 > notes-web@1.0.0 build
#17 0.942 > vite build
#17 0.942 
#17 1.457 vite v6.4.3 building for production...
#17 1.581 transforming...
#17 1.642 ✓ 4 modules transformed.
#17 1.686 rendering chunks...
#17 1.699 computing gzip size...
#17 1.707 dist/index.html                 1.81 kB │ gzip: 0.97 kB
#17 1.707 dist/assets/index-BnB0BUtx.css  2.75 kB │ gzip: 1.13 kB
#17 1.707 dist/assets/index-BA9riUY-.js   2.84 kB │ gzip: 1.39 kB
#17 1.708 ✓ built in 198ms
#17 1.743 npm notice
#17 1.743 npm notice New major version of npm available! 10.9.9 -> 12.2.0
#17 1.743 npm notice Changelog: https://github.com/npm/cli/releases/tag/v12.2.0
#17 1.743 npm notice To update run: npm install -g npm@12.2.0
#17 1.743 npm notice
#17 DONE 1.8s

#18 [runtime 4/4] COPY --from=builder /src/dist /usr/share/nginx/html
#18 DONE 0.1s

#19 exporting to image
#19 exporting layers
#19 exporting layers 0.2s done
#19 exporting manifest sha256:b2e2f42b329766d7e0cc8ff8ae5560521497e3b71a5cdc8fa05f706b35f77984 0.0s done
#19 exporting config sha256:b1e76bea7dc609f6ba83b852fcc4083c432fceb2dc9b20295b4b91070fbd9bba 0.0s done
#19 exporting attestation manifest sha256:7f29aa90ca3dc50c7c5546c0953560795f81997efbed6ae66aed88990ec1bd9f 0.1s done
#19 exporting manifest list sha256:a1a831e78c7c39743a3e6125ee1372ae96483d5cbca048dd0775179c6e468b5d 0.0s done
#19 naming to docker.io/library/devops-lab02-frontend:latest done
#19 unpacking to docker.io/library/devops-lab02-frontend:latest
#19 unpacking to docker.io/library/devops-lab02-frontend:latest 0.4s done
#19 DONE 0.9s

#20 resolving provenance for metadata file
#20 DONE 0.1s
 devops-lab02-frontend  Built
PASS: default release local
